
> react-kavia@0.1.0 start
> react-scripts start

(node:521) [DEP_WEBPACK_DEV_SERVER_ON_AFTER_SETUP_MIDDLEWARE] DeprecationWarning: 'onAfterSetupMiddleware' option is deprecated. Please use the 'setupMiddlewares' option.
(Use `node --trace-deprecation ...` to show where the warning was created)
(node:521) [DEP_WEBPACK_DEV_SERVER_ON_BEFORE_SETUP_MIDDLEWARE] DeprecationWarning: 'onBeforeSetupMiddleware' option is deprecated. Please use the 'setupMiddlewares' option.
Starting the development server...

Compiled successfully!

You can now view react-kavia in the browser.

  Local:            http://localhost:3000
  On Your Network:  http://172.17.0.2:3000

Note that the development build is not optimized.
To create a production build, use npm run build.

webpack compiled successfully
Compiling...
Compiled successfully!
webpack compiled successfully
Compiling...
Failed to compile.

Module not found: Error: Can't resolve 'react-router-dom' in '/home/kavia/workspace/code-generation/mixmate-103085-1e2cd028/mixmate/src'
WARNING in [eslint] 
src/App.js
  Line 1:27:  'useEffect' is defined but never used  no-unused-vars

ERROR in ./src/App.js 6:0-84
Module not found: Error: Can't resolve 'react-router-dom' in '/home/kavia/workspace/code-generation/mixmate-103085-1e2cd028/mixmate/src'

ERROR in ./src/App.js 7:0-43
Module not found: Error: Can't resolve './components/Sidebar' in '/home/kavia/workspace/code-generation/mixmate-103085-1e2cd028/mixmate/src'

ERROR in ./src/App.js 8:0-41
Module not found: Error: Can't resolve './components/Topbar' in '/home/kavia/workspace/code-generation/mixmate-103085-1e2cd028/mixmate/src'

ERROR in ./src/App.js 9:0-38
Module not found: Error: Can't resolve './pages/Explore' in '/home/kavia/workspace/code-generation/mixmate-103085-1e2cd028/mixmate/src'

ERROR in ./src/App.js 10:0-42
Module not found: Error: Can't resolve './pages/Generator' in '/home/kavia/workspace/code-generation/mixmate-103085-1e2cd028/mixmate/src'

ERROR in ./src/App.js 11:0-42
Module not found: Error: Can't resolve './pages/Favorites' in '/home/kavia/workspace/code-generation/mixmate-103085-1e2cd028/mixmate/src'

ERROR in ./src/App.js 12:0-48
Module not found: Error: Can't resolve './pages/ShoppingList' in '/home/kavia/workspace/code-generation/mixmate-103085-1e2cd028/mixmate/src'

ERROR in ./src/App.js 13:0-40
Module not found: Error: Can't resolve './pages/Trending' in '/home/kavia/workspace/code-generation/mixmate-103085-1e2cd028/mixmate/src'

ERROR in ./src/App.js 14:0-46
Module not found: Error: Can't resolve './pages/AIBartender' in '/home/kavia/workspace/code-generation/mixmate-103085-1e2cd028/mixmate/src'

ERROR in ./src/App.js 15:0-52
Module not found: Error: Can't resolve './pages/LiquorPairings' in '/home/kavia/workspace/code-generation/mixmate-103085-1e2cd028/mixmate/src'

ERROR in ./src/App.js 16:0-67
Module not found: Error: Can't resolve './supabase/SessionContext' in '/home/kavia/workspace/code-generation/mixmate-103085-1e2cd028/mixmate/src'

webpack compiled with 11 errors and 1 warning
Compiling...
Failed to compile.

Module not found: Error: Can't resolve 'react-router-dom' in '/home/kavia/workspace/code-generation/mixmate-103085-1e2cd028/mixmate/src'
WARNING in [eslint] 
src/App.js
  Line 1:27:  'useEffect' is defined but never used  no-unused-vars

ERROR in ./src/App.js 6:0-84
Module not found: Error: Can't resolve 'react-router-dom' in '/home/kavia/workspace/code-generation/mixmate-103085-1e2cd028/mixmate/src'

ERROR in ./src/App.js 7:0-43
Module not found: Error: Can't resolve './components/Sidebar' in '/home/kavia/workspace/code-generation/mixmate-103085-1e2cd028/mixmate/src'

ERROR in ./src/App.js 8:0-41
Module not found: Error: Can't resolve './components/Topbar' in '/home/kavia/workspace/code-generation/mixmate-103085-1e2cd028/mixmate/src'

ERROR in ./src/App.js 9:0-38
Module not found: Error: Can't resolve './pages/Explore' in '/home/kavia/workspace/code-generation/mixmate-103085-1e2cd028/mixmate/src'

ERROR in ./src/App.js 10:0-42
Module not found: Error: Can't resolve './pages/Generator' in '/home/kavia/workspace/code-generation/mixmate-103085-1e2cd028/mixmate/src'

ERROR in ./src/App.js 11:0-42
Module not found: Error: Can't resolve './pages/Favorites' in '/home/kavia/workspace/code-generation/mixmate-103085-1e2cd028/mixmate/src'

ERROR in ./src/App.js 12:0-48
Module not found: Error: Can't resolve './pages/ShoppingList' in '/home/kavia/workspace/code-generation/mixmate-103085-1e2cd028/mixmate/src'

ERROR in ./src/App.js 13:0-40
Module not found: Error: Can't resolve './pages/Trending' in '/home/kavia/workspace/code-generation/mixmate-103085-1e2cd028/mixmate/src'

ERROR in ./src/App.js 14:0-46
Module not found: Error: Can't resolve './pages/AIBartender' in '/home/kavia/workspace/code-generation/mixmate-103085-1e2cd028/mixmate/src'

ERROR in ./src/App.js 15:0-52
Module not found: Error: Can't resolve './pages/LiquorPairings' in '/home/kavia/workspace/code-generation/mixmate-103085-1e2cd028/mixmate/src'

ERROR in ./src/App.js 16:0-67
Module not found: Error: Can't resolve './supabase/SessionContext' in '/home/kavia/workspace/code-generation/mixmate-103085-1e2cd028/mixmate/src'

webpack compiled with 11 errors and 1 warning
Compiling...
Failed to compile.

Module not found: Error: Can't resolve 'react-router-dom' in '/home/kavia/workspace/code-generation/mixmate-103085-1e2cd028/mixmate/src'
WARNING in [eslint] 
src/App.js
  Line 1:27:  'useEffect' is defined but never used  no-unused-vars

ERROR in ./src/App.js 6:0-84
Module not found: Error: Can't resolve 'react-router-dom' in '/home/kavia/workspace/code-generation/mixmate-103085-1e2cd028/mixmate/src'

ERROR in ./src/App.js 7:0-43
Module not found: Error: Can't resolve './components/Sidebar' in '/home/kavia/workspace/code-generation/mixmate-103085-1e2cd028/mixmate/src'

ERROR in ./src/App.js 8:0-41
Module not found: Error: Can't resolve './components/Topbar' in '/home/kavia/workspace/code-generation/mixmate-103085-1e2cd028/mixmate/src'

ERROR in ./src/App.js 9:0-38
Module not found: Error: Can't resolve './pages/Explore' in '/home/kavia/workspace/code-generation/mixmate-103085-1e2cd028/mixmate/src'

ERROR in ./src/App.js 10:0-42
Module not found: Error: Can't resolve './pages/Generator' in '/home/kavia/workspace/code-generation/mixmate-103085-1e2cd028/mixmate/src'

ERROR in ./src/App.js 11:0-42
Module not found: Error: Can't resolve './pages/Favorites' in '/home/kavia/workspace/code-generation/mixmate-103085-1e2cd028/mixmate/src'

ERROR in ./src/App.js 12:0-48
Module not found: Error: Can't resolve './pages/ShoppingList' in '/home/kavia/workspace/code-generation/mixmate-103085-1e2cd028/mixmate/src'

ERROR in ./src/App.js 13:0-40
Module not found: Error: Can't resolve './pages/Trending' in '/home/kavia/workspace/code-generation/mixmate-103085-1e2cd028/mixmate/src'

ERROR in ./src/App.js 14:0-46
Module not found: Error: Can't resolve './pages/AIBartender' in '/home/kavia/workspace/code-generation/mixmate-103085-1e2cd028/mixmate/src'

ERROR in ./src/App.js 15:0-52
Module not found: Error: Can't resolve './pages/LiquorPairings' in '/home/kavia/workspace/code-generation/mixmate-103085-1e2cd028/mixmate/src'

ERROR in ./src/App.js 16:0-67
Module not found: Error: Can't resolve './supabase/SessionContext' in '/home/kavia/workspace/code-generation/mixmate-103085-1e2cd028/mixmate/src'

webpack compiled with 11 errors and 1 warning
Compiling...
Failed to compile.

Module not found: Error: Can't resolve 'react-router-dom' in '/home/kavia/workspace/code-generation/mixmate-103085-1e2cd028/mixmate/src'
WARNING in [eslint] 
src/App.js
  Line 1:27:  'useEffect' is defined but never used  no-unused-vars

ERROR in ./src/App.js 6:0-84
Module not found: Error: Can't resolve 'react-router-dom' in '/home/kavia/workspace/code-generation/mixmate-103085-1e2cd028/mixmate/src'

ERROR in ./src/App.js 7:0-43
Module not found: Error: Can't resolve './components/Sidebar' in '/home/kavia/workspace/code-generation/mixmate-103085-1e2cd028/mixmate/src'

ERROR in ./src/App.js 8:0-41
Module not found: Error: Can't resolve './components/Topbar' in '/home/kavia/workspace/code-generation/mixmate-103085-1e2cd028/mixmate/src'

ERROR in ./src/App.js 9:0-38
Module not found: Error: Can't resolve './pages/Explore' in '/home/kavia/workspace/code-generation/mixmate-103085-1e2cd028/mixmate/src'

ERROR in ./src/App.js 10:0-42
Module not found: Error: Can't resolve './pages/Generator' in '/home/kavia/workspace/code-generation/mixmate-103085-1e2cd028/mixmate/src'

ERROR in ./src/App.js 11:0-42
Module not found: Error: Can't resolve './pages/Favorites' in '/home/kavia/workspace/code-generation/mixmate-103085-1e2cd028/mixmate/src'

ERROR in ./src/App.js 12:0-48
Module not found: Error: Can't resolve './pages/ShoppingList' in '/home/kavia/workspace/code-generation/mixmate-103085-1e2cd028/mixmate/src'

ERROR in ./src/App.js 13:0-40
Module not found: Error: Can't resolve './pages/Trending' in '/home/kavia/workspace/code-generation/mixmate-103085-1e2cd028/mixmate/src'

ERROR in ./src/App.js 14:0-46
Module not found: Error: Can't resolve './pages/AIBartender' in '/home/kavia/workspace/code-generation/mixmate-103085-1e2cd028/mixmate/src'

ERROR in ./src/App.js 15:0-52
Module not found: Error: Can't resolve './pages/LiquorPairings' in '/home/kavia/workspace/code-generation/mixmate-103085-1e2cd028/mixmate/src'

ERROR in ./src/App.js 16:0-67
Module not found: Error: Can't resolve './supabase/SessionContext' in '/home/kavia/workspace/code-generation/mixmate-103085-1e2cd028/mixmate/src'

webpack compiled with 11 errors and 1 warning
Compiling...
Failed to compile.

Module not found: Error: Can't resolve 'react-router-dom' in '/home/kavia/workspace/code-generation/mixmate-103085-1e2cd028/mixmate/src'
WARNING in [eslint] 
src/App.js
  Line 1:27:  'useEffect' is defined but never used  no-unused-vars

src/supabase/SessionContext.js
  Line 12:21:  'error' is assigned a value but never used  no-unused-vars

ERROR in ./src/App.js 6:0-84
Module not found: Error: Can't resolve 'react-router-dom' in '/home/kavia/workspace/code-generation/mixmate-103085-1e2cd028/mixmate/src'

ERROR in ./src/App.js 7:0-43
Module not found: Error: Can't resolve './components/Sidebar' in '/home/kavia/workspace/code-generation/mixmate-103085-1e2cd028/mixmate/src'

ERROR in ./src/App.js 8:0-41
Module not found: Error: Can't resolve './components/Topbar' in '/home/kavia/workspace/code-generation/mixmate-103085-1e2cd028/mixmate/src'

ERROR in ./src/App.js 9:0-38
Module not found: Error: Can't resolve './pages/Explore' in '/home/kavia/workspace/code-generation/mixmate-103085-1e2cd028/mixmate/src'

ERROR in ./src/App.js 10:0-42
Module not found: Error: Can't resolve './pages/Generator' in '/home/kavia/workspace/code-generation/mixmate-103085-1e2cd028/mixmate/src'

ERROR in ./src/App.js 11:0-42
Module not found: Error: Can't resolve './pages/Favorites' in '/home/kavia/workspace/code-generation/mixmate-103085-1e2cd028/mixmate/src'

ERROR in ./src/App.js 12:0-48
Module not found: Error: Can't resolve './pages/ShoppingList' in '/home/kavia/workspace/code-generation/mixmate-103085-1e2cd028/mixmate/src'

ERROR in ./src/App.js 13:0-40
Module not found: Error: Can't resolve './pages/Trending' in '/home/kavia/workspace/code-generation/mixmate-103085-1e2cd028/mixmate/src'

ERROR in ./src/App.js 14:0-46
Module not found: Error: Can't resolve './pages/AIBartender' in '/home/kavia/workspace/code-generation/mixmate-103085-1e2cd028/mixmate/src'

ERROR in ./src/App.js 15:0-52
Module not found: Error: Can't resolve './pages/LiquorPairings' in '/home/kavia/workspace/code-generation/mixmate-103085-1e2cd028/mixmate/src'

ERROR in ./src/supabase/client.js 6:0-53
Module not found: Error: Can't resolve '@supabase/supabase-js' in '/home/kavia/workspace/code-generation/mixmate-103085-1e2cd028/mixmate/src/supabase'

webpack compiled with 11 errors and 1 warning
Compiling...
Failed to compile.

Module not found: Error: Can't resolve 'react-router-dom' in '/home/kavia/workspace/code-generation/mixmate-103085-1e2cd028/mixmate/src'
WARNING in [eslint] 
src/App.js
  Line 1:27:  'useEffect' is defined but never used  no-unused-vars

src/supabase/SessionContext.js
  Line 12:21:  'error' is assigned a value but never used  no-unused-vars

ERROR in ./src/App.js 6:0-84
Module not found: Error: Can't resolve 'react-router-dom' in '/home/kavia/workspace/code-generation/mixmate-103085-1e2cd028/mixmate/src'

ERROR in ./src/App.js 7:0-43
Module not found: Error: Can't resolve './components/Sidebar' in '/home/kavia/workspace/code-generation/mixmate-103085-1e2cd028/mixmate/src'

ERROR in ./src/App.js 8:0-41
Module not found: Error: Can't resolve './components/Topbar' in '/home/kavia/workspace/code-generation/mixmate-103085-1e2cd028/mixmate/src'

ERROR in ./src/App.js 9:0-38
Module not found: Error: Can't resolve './pages/Explore' in '/home/kavia/workspace/code-generation/mixmate-103085-1e2cd028/mixmate/src'

ERROR in ./src/App.js 10:0-42
Module not found: Error: Can't resolve './pages/Generator' in '/home/kavia/workspace/code-generation/mixmate-103085-1e2cd028/mixmate/src'

ERROR in ./src/App.js 11:0-42
Module not found: Error: Can't resolve './pages/Favorites' in '/home/kavia/workspace/code-generation/mixmate-103085-1e2cd028/mixmate/src'

ERROR in ./src/App.js 12:0-48
Module not found: Error: Can't resolve './pages/ShoppingList' in '/home/kavia/workspace/code-generation/mixmate-103085-1e2cd028/mixmate/src'

ERROR in ./src/App.js 13:0-40
Module not found: Error: Can't resolve './pages/Trending' in '/home/kavia/workspace/code-generation/mixmate-103085-1e2cd028/mixmate/src'

ERROR in ./src/App.js 14:0-46
Module not found: Error: Can't resolve './pages/AIBartender' in '/home/kavia/workspace/code-generation/mixmate-103085-1e2cd028/mixmate/src'

ERROR in ./src/App.js 15:0-52
Module not found: Error: Can't resolve './pages/LiquorPairings' in '/home/kavia/workspace/code-generation/mixmate-103085-1e2cd028/mixmate/src'

ERROR in ./src/supabase/client.js 6:0-53
Module not found: Error: Can't resolve '@supabase/supabase-js' in '/home/kavia/workspace/code-generation/mixmate-103085-1e2cd028/mixmate/src/supabase'

webpack compiled with 11 errors and 1 warning
Compiling...
Failed to compile.

Module not found: Error: Can't resolve 'react-router-dom' in '/home/kavia/workspace/code-generation/mixmate-103085-1e2cd028/mixmate/src'
WARNING in [eslint] 
src/App.js
  Line 1:27:  'useEffect' is defined but never used  no-unused-vars

src/supabase/SessionContext.js
  Line 12:21:  'error' is assigned a value but never used  no-unused-vars

ERROR in ./src/App.js 6:0-84
Module not found: Error: Can't resolve 'react-router-dom' in '/home/kavia/workspace/code-generation/mixmate-103085-1e2cd028/mixmate/src'

ERROR in ./src/App.js 8:0-41
Module not found: Error: Can't resolve './components/Topbar' in '/home/kavia/workspace/code-generation/mixmate-103085-1e2cd028/mixmate/src'

ERROR in ./src/App.js 9:0-38
Module not found: Error: Can't resolve './pages/Explore' in '/home/kavia/workspace/code-generation/mixmate-103085-1e2cd028/mixmate/src'

ERROR in ./src/App.js 10:0-42
Module not found: Error: Can't resolve './pages/Generator' in '/home/kavia/workspace/code-generation/mixmate-103085-1e2cd028/mixmate/src'

ERROR in ./src/App.js 11:0-42
Module not found: Error: Can't resolve './pages/Favorites' in '/home/kavia/workspace/code-generation/mixmate-103085-1e2cd028/mixmate/src'

ERROR in ./src/App.js 12:0-48
Module not found: Error: Can't resolve './pages/ShoppingList' in '/home/kavia/workspace/code-generation/mixmate-103085-1e2cd028/mixmate/src'

ERROR in ./src/App.js 13:0-40
Module not found: Error: Can't resolve './pages/Trending' in '/home/kavia/workspace/code-generation/mixmate-103085-1e2cd028/mixmate/src'

ERROR in ./src/App.js 14:0-46
Module not found: Error: Can't resolve './pages/AIBartender' in '/home/kavia/workspace/code-generation/mixmate-103085-1e2cd028/mixmate/src'

ERROR in ./src/App.js 15:0-52
Module not found: Error: Can't resolve './pages/LiquorPairings' in '/home/kavia/workspace/code-generation/mixmate-103085-1e2cd028/mixmate/src'

ERROR in ./src/components/Sidebar.js 5:0-43
Module not found: Error: Can't resolve 'react-router-dom' in '/home/kavia/workspace/code-generation/mixmate-103085-1e2cd028/mixmate/src/components'

ERROR in ./src/components/Sidebar.js 6:0-114
Module not found: Error: Can't resolve 'react-icons/fa' in '/home/kavia/workspace/code-generation/mixmate-103085-1e2cd028/mixmate/src/components'

ERROR in ./src/supabase/client.js 6:0-53
Module not found: Error: Can't resolve '@supabase/supabase-js' in '/home/kavia/workspace/code-generation/mixmate-103085-1e2cd028/mixmate/src/supabase'

webpack compiled with 12 errors and 1 warning
Compiling...
Failed to compile.

Module not found: Error: Can't resolve 'react-router-dom' in '/home/kavia/workspace/code-generation/mixmate-103085-1e2cd028/mixmate/src'
WARNING in [eslint] 
src/App.js
  Line 1:27:  'useEffect' is defined but never used  no-unused-vars

src/supabase/SessionContext.js
  Line 12:21:  'error' is assigned a value but never used  no-unused-vars

ERROR in ./src/App.js 6:0-84
Module not found: Error: Can't resolve 'react-router-dom' in '/home/kavia/workspace/code-generation/mixmate-103085-1e2cd028/mixmate/src'

ERROR in ./src/App.js 9:0-38
Module not found: Error: Can't resolve './pages/Explore' in '/home/kavia/workspace/code-generation/mixmate-103085-1e2cd028/mixmate/src'

ERROR in ./src/App.js 10:0-42
Module not found: Error: Can't resolve './pages/Generator' in '/home/kavia/workspace/code-generation/mixmate-103085-1e2cd028/mixmate/src'

ERROR in ./src/App.js 11:0-42
Module not found: Error: Can't resolve './pages/Favorites' in '/home/kavia/workspace/code-generation/mixmate-103085-1e2cd028/mixmate/src'

ERROR in ./src/App.js 12:0-48
Module not found: Error: Can't resolve './pages/ShoppingList' in '/home/kavia/workspace/code-generation/mixmate-103085-1e2cd028/mixmate/src'

ERROR in ./src/App.js 13:0-40
Module not found: Error: Can't resolve './pages/Trending' in '/home/kavia/workspace/code-generation/mixmate-103085-1e2cd028/mixmate/src'

ERROR in ./src/App.js 14:0-46
Module not found: Error: Can't resolve './pages/AIBartender' in '/home/kavia/workspace/code-generation/mixmate-103085-1e2cd028/mixmate/src'

ERROR in ./src/App.js 15:0-52
Module not found: Error: Can't resolve './pages/LiquorPairings' in '/home/kavia/workspace/code-generation/mixmate-103085-1e2cd028/mixmate/src'

ERROR in ./src/components/Sidebar.js 5:0-43
Module not found: Error: Can't resolve 'react-router-dom' in '/home/kavia/workspace/code-generation/mixmate-103085-1e2cd028/mixmate/src/components'

ERROR in ./src/components/Sidebar.js 6:0-114
Module not found: Error: Can't resolve 'react-icons/fa' in '/home/kavia/workspace/code-generation/mixmate-103085-1e2cd028/mixmate/src/components'

ERROR in ./src/components/Topbar.js 6:0-54
Module not found: Error: Can't resolve 'react-icons/fa' in '/home/kavia/workspace/code-generation/mixmate-103085-1e2cd028/mixmate/src/components'

ERROR in ./src/supabase/client.js 6:0-53
Module not found: Error: Can't resolve '@supabase/supabase-js' in '/home/kavia/workspace/code-generation/mixmate-103085-1e2cd028/mixmate/src/supabase'

webpack compiled with 12 errors and 1 warning
Compiling...
Failed to compile.

Module not found: Error: Can't resolve 'react-router-dom' in '/home/kavia/workspace/code-generation/mixmate-103085-1e2cd028/mixmate/src'
WARNING in [eslint] 
src/App.js
  Line 1:27:  'useEffect' is defined but never used  no-unused-vars

src/supabase/SessionContext.js
  Line 12:21:  'error' is assigned a value but never used  no-unused-vars

ERROR in ./src/App.js 6:0-84
Module not found: Error: Can't resolve 'react-router-dom' in '/home/kavia/workspace/code-generation/mixmate-103085-1e2cd028/mixmate/src'

ERROR in ./src/App.js 9:0-38
Module not found: Error: Can't resolve './pages/Explore' in '/home/kavia/workspace/code-generation/mixmate-103085-1e2cd028/mixmate/src'

ERROR in ./src/App.js 10:0-42
Module not found: Error: Can't resolve './pages/Generator' in '/home/kavia/workspace/code-generation/mixmate-103085-1e2cd028/mixmate/src'

ERROR in ./src/App.js 11:0-42
Module not found: Error: Can't resolve './pages/Favorites' in '/home/kavia/workspace/code-generation/mixmate-103085-1e2cd028/mixmate/src'

ERROR in ./src/App.js 12:0-48
Module not found: Error: Can't resolve './pages/ShoppingList' in '/home/kavia/workspace/code-generation/mixmate-103085-1e2cd028/mixmate/src'

ERROR in ./src/App.js 13:0-40
Module not found: Error: Can't resolve './pages/Trending' in '/home/kavia/workspace/code-generation/mixmate-103085-1e2cd028/mixmate/src'

ERROR in ./src/App.js 14:0-46
Module not found: Error: Can't resolve './pages/AIBartender' in '/home/kavia/workspace/code-generation/mixmate-103085-1e2cd028/mixmate/src'

ERROR in ./src/App.js 15:0-52
Module not found: Error: Can't resolve './pages/LiquorPairings' in '/home/kavia/workspace/code-generation/mixmate-103085-1e2cd028/mixmate/src'

ERROR in ./src/components/Sidebar.js 5:0-43
Module not found: Error: Can't resolve 'react-router-dom' in '/home/kavia/workspace/code-generation/mixmate-103085-1e2cd028/mixmate/src/components'

ERROR in ./src/components/Sidebar.js 6:0-114
Module not found: Error: Can't resolve 'react-icons/fa' in '/home/kavia/workspace/code-generation/mixmate-103085-1e2cd028/mixmate/src/components'

ERROR in ./src/components/Topbar.js 6:0-54
Module not found: Error: Can't resolve 'react-icons/fa' in '/home/kavia/workspace/code-generation/mixmate-103085-1e2cd028/mixmate/src/components'

ERROR in ./src/supabase/client.js 6:0-53
Module not found: Error: Can't resolve '@supabase/supabase-js' in '/home/kavia/workspace/code-generation/mixmate-103085-1e2cd028/mixmate/src/supabase'

webpack compiled with 12 errors and 1 warning
Compiling...
Failed to compile.

Module not found: Error: Can't resolve 'react-router-dom' in '/home/kavia/workspace/code-generation/mixmate-103085-1e2cd028/mixmate/src'
WARNING in [eslint] 
src/App.js
  Line 1:27:  'useEffect' is defined but never used  no-unused-vars

src/pages/Explore.js
  Line 3:10:  'useSession' is defined but never used  no-unused-vars

src/supabase/SessionContext.js
  Line 12:21:  'error' is assigned a value but never used  no-unused-vars

ERROR in ./src/App.js 6:0-84
Module not found: Error: Can't resolve 'react-router-dom' in '/home/kavia/workspace/code-generation/mixmate-103085-1e2cd028/mixmate/src'

ERROR in ./src/App.js 10:0-42
Module not found: Error: Can't resolve './pages/Generator' in '/home/kavia/workspace/code-generation/mixmate-103085-1e2cd028/mixmate/src'

ERROR in ./src/App.js 11:0-42
Module not found: Error: Can't resolve './pages/Favorites' in '/home/kavia/workspace/code-generation/mixmate-103085-1e2cd028/mixmate/src'

ERROR in ./src/App.js 12:0-48
Module not found: Error: Can't resolve './pages/ShoppingList' in '/home/kavia/workspace/code-generation/mixmate-103085-1e2cd028/mixmate/src'

ERROR in ./src/App.js 13:0-40
Module not found: Error: Can't resolve './pages/Trending' in '/home/kavia/workspace/code-generation/mixmate-103085-1e2cd028/mixmate/src'

ERROR in ./src/App.js 14:0-46
Module not found: Error: Can't resolve './pages/AIBartender' in '/home/kavia/workspace/code-generation/mixmate-103085-1e2cd028/mixmate/src'

ERROR in ./src/App.js 15:0-52
Module not found: Error: Can't resolve './pages/LiquorPairings' in '/home/kavia/workspace/code-generation/mixmate-103085-1e2cd028/mixmate/src'

ERROR in ./src/components/Sidebar.js 5:0-43
Module not found: Error: Can't resolve 'react-router-dom' in '/home/kavia/workspace/code-generation/mixmate-103085-1e2cd028/mixmate/src/components'

ERROR in ./src/components/Sidebar.js 6:0-114
Module not found: Error: Can't resolve 'react-icons/fa' in '/home/kavia/workspace/code-generation/mixmate-103085-1e2cd028/mixmate/src/components'

ERROR in ./src/components/Topbar.js 6:0-54
Module not found: Error: Can't resolve 'react-icons/fa' in '/home/kavia/workspace/code-generation/mixmate-103085-1e2cd028/mixmate/src/components'

ERROR in ./src/supabase/client.js 6:0-53
Module not found: Error: Can't resolve '@supabase/supabase-js' in '/home/kavia/workspace/code-generation/mixmate-103085-1e2cd028/mixmate/src/supabase'

webpack compiled with 11 errors and 1 warning
Compiling...
Failed to compile.

Module not found: Error: Can't resolve 'react-router-dom' in '/home/kavia/workspace/code-generation/mixmate-103085-1e2cd028/mixmate/src'
WARNING in [eslint] 
src/App.js
  Line 1:27:  'useEffect' is defined but never used  no-unused-vars

src/pages/Explore.js
  Line 3:10:  'useSession' is defined but never used  no-unused-vars

src/supabase/SessionContext.js
  Line 12:21:  'error' is assigned a value but never used  no-unused-vars

ERROR in ./src/App.js 6:0-84
Module not found: Error: Can't resolve 'react-router-dom' in '/home/kavia/workspace/code-generation/mixmate-103085-1e2cd028/mixmate/src'

ERROR in ./src/App.js 10:0-42
Module not found: Error: Can't resolve './pages/Generator' in '/home/kavia/workspace/code-generation/mixmate-103085-1e2cd028/mixmate/src'

ERROR in ./src/App.js 11:0-42
Module not found: Error: Can't resolve './pages/Favorites' in '/home/kavia/workspace/code-generation/mixmate-103085-1e2cd028/mixmate/src'

ERROR in ./src/App.js 12:0-48
Module not found: Error: Can't resolve './pages/ShoppingList' in '/home/kavia/workspace/code-generation/mixmate-103085-1e2cd028/mixmate/src'

ERROR in ./src/App.js 13:0-40
Module not found: Error: Can't resolve './pages/Trending' in '/home/kavia/workspace/code-generation/mixmate-103085-1e2cd028/mixmate/src'

ERROR in ./src/App.js 14:0-46
Module not found: Error: Can't resolve './pages/AIBartender' in '/home/kavia/workspace/code-generation/mixmate-103085-1e2cd028/mixmate/src'

ERROR in ./src/App.js 15:0-52
Module not found: Error: Can't resolve './pages/LiquorPairings' in '/home/kavia/workspace/code-generation/mixmate-103085-1e2cd028/mixmate/src'

ERROR in ./src/components/Sidebar.js 5:0-43
Module not found: Error: Can't resolve 'react-router-dom' in '/home/kavia/workspace/code-generation/mixmate-103085-1e2cd028/mixmate/src/components'

ERROR in ./src/components/Sidebar.js 6:0-114
Module not found: Error: Can't resolve 'react-icons/fa' in '/home/kavia/workspace/code-generation/mixmate-103085-1e2cd028/mixmate/src/components'

ERROR in ./src/components/Topbar.js 6:0-54
Module not found: Error: Can't resolve 'react-icons/fa' in '/home/kavia/workspace/code-generation/mixmate-103085-1e2cd028/mixmate/src/components'

ERROR in ./src/supabase/client.js 6:0-53
Module not found: Error: Can't resolve '@supabase/supabase-js' in '/home/kavia/workspace/code-generation/mixmate-103085-1e2cd028/mixmate/src/supabase'

webpack compiled with 11 errors and 1 warning
Compiling...
Failed to compile.

Module not found: Error: Can't resolve 'react-router-dom' in '/home/kavia/workspace/code-generation/mixmate-103085-1e2cd028/mixmate/src'
WARNING in [eslint] 
src/App.js
  Line 1:27:  'useEffect' is defined but never used  no-unused-vars

src/pages/Explore.js
  Line 3:10:  'useSession' is defined but never used  no-unused-vars

src/pages/Generator.js
  Line 24:19:  'error' is assigned a value but never used  no-unused-vars

src/supabase/SessionContext.js
  Line 12:21:  'error' is assigned a value but never used  no-unused-vars

ERROR in ./src/App.js 6:0-84
Module not found: Error: Can't resolve 'react-router-dom' in '/home/kavia/workspace/code-generation/mixmate-103085-1e2cd028/mixmate/src'

ERROR in ./src/App.js 11:0-42
Module not found: Error: Can't resolve './pages/Favorites' in '/home/kavia/workspace/code-generation/mixmate-103085-1e2cd028/mixmate/src'

ERROR in ./src/App.js 12:0-48
Module not found: Error: Can't resolve './pages/ShoppingList' in '/home/kavia/workspace/code-generation/mixmate-103085-1e2cd028/mixmate/src'

ERROR in ./src/App.js 13:0-40
Module not found: Error: Can't resolve './pages/Trending' in '/home/kavia/workspace/code-generation/mixmate-103085-1e2cd028/mixmate/src'

ERROR in ./src/App.js 14:0-46
Module not found: Error: Can't resolve './pages/AIBartender' in '/home/kavia/workspace/code-generation/mixmate-103085-1e2cd028/mixmate/src'

ERROR in ./src/App.js 15:0-52
Module not found: Error: Can't resolve './pages/LiquorPairings' in '/home/kavia/workspace/code-generation/mixmate-103085-1e2cd028/mixmate/src'

ERROR in ./src/components/Sidebar.js 5:0-43
Module not found: Error: Can't resolve 'react-router-dom' in '/home/kavia/workspace/code-generation/mixmate-103085-1e2cd028/mixmate/src/components'

ERROR in ./src/components/Sidebar.js 6:0-114
Module not found: Error: Can't resolve 'react-icons/fa' in '/home/kavia/workspace/code-generation/mixmate-103085-1e2cd028/mixmate/src/components'

ERROR in ./src/components/Topbar.js 6:0-54
Module not found: Error: Can't resolve 'react-icons/fa' in '/home/kavia/workspace/code-generation/mixmate-103085-1e2cd028/mixmate/src/components'

ERROR in ./src/supabase/client.js 6:0-53
Module not found: Error: Can't resolve '@supabase/supabase-js' in '/home/kavia/workspace/code-generation/mixmate-103085-1e2cd028/mixmate/src/supabase'

webpack compiled with 10 errors and 1 warning
Compiling...
Failed to compile.

Module not found: Error: Can't resolve 'react-router-dom' in '/home/kavia/workspace/code-generation/mixmate-103085-1e2cd028/mixmate/src'
WARNING in [eslint] 
src/App.js
  Line 1:27:  'useEffect' is defined but never used  no-unused-vars

src/pages/Explore.js
  Line 3:10:  'useSession' is defined but never used  no-unused-vars

src/pages/Generator.js
  Line 24:19:  'error' is assigned a value but never used  no-unused-vars

src/supabase/SessionContext.js
  Line 12:21:  'error' is assigned a value but never used  no-unused-vars

ERROR in ./src/App.js 6:0-84
Module not found: Error: Can't resolve 'react-router-dom' in '/home/kavia/workspace/code-generation/mixmate-103085-1e2cd028/mixmate/src'

ERROR in ./src/App.js 11:0-42
Module not found: Error: Can't resolve './pages/Favorites' in '/home/kavia/workspace/code-generation/mixmate-103085-1e2cd028/mixmate/src'

ERROR in ./src/App.js 12:0-48
Module not found: Error: Can't resolve './pages/ShoppingList' in '/home/kavia/workspace/code-generation/mixmate-103085-1e2cd028/mixmate/src'

ERROR in ./src/App.js 13:0-40
Module not found: Error: Can't resolve './pages/Trending' in '/home/kavia/workspace/code-generation/mixmate-103085-1e2cd028/mixmate/src'

ERROR in ./src/App.js 14:0-46
Module not found: Error: Can't resolve './pages/AIBartender' in '/home/kavia/workspace/code-generation/mixmate-103085-1e2cd028/mixmate/src'

ERROR in ./src/App.js 15:0-52
Module not found: Error: Can't resolve './pages/LiquorPairings' in '/home/kavia/workspace/code-generation/mixmate-103085-1e2cd028/mixmate/src'

ERROR in ./src/components/Sidebar.js 5:0-43
Module not found: Error: Can't resolve 'react-router-dom' in '/home/kavia/workspace/code-generation/mixmate-103085-1e2cd028/mixmate/src/components'

ERROR in ./src/components/Sidebar.js 6:0-114
Module not found: Error: Can't resolve 'react-icons/fa' in '/home/kavia/workspace/code-generation/mixmate-103085-1e2cd028/mixmate/src/components'

ERROR in ./src/components/Topbar.js 6:0-54
Module not found: Error: Can't resolve 'react-icons/fa' in '/home/kavia/workspace/code-generation/mixmate-103085-1e2cd028/mixmate/src/components'

ERROR in ./src/supabase/client.js 6:0-53
Module not found: Error: Can't resolve '@supabase/supabase-js' in '/home/kavia/workspace/code-generation/mixmate-103085-1e2cd028/mixmate/src/supabase'

webpack compiled with 10 errors and 1 warning
Compiling...
Failed to compile.

Module not found: Error: Can't resolve 'react-router-dom' in '/home/kavia/workspace/code-generation/mixmate-103085-1e2cd028/mixmate/src'
WARNING in [eslint] 
src/App.js
  Line 1:27:  'useEffect' is defined but never used  no-unused-vars

src/pages/Explore.js
  Line 3:10:  'useSession' is defined but never used  no-unused-vars

src/pages/Generator.js
  Line 24:19:  'error' is assigned a value but never used  no-unused-vars

src/supabase/SessionContext.js
  Line 12:21:  'error' is assigned a value but never used  no-unused-vars

ERROR in ./src/App.js 6:0-84
Module not found: Error: Can't resolve 'react-router-dom' in '/home/kavia/workspace/code-generation/mixmate-103085-1e2cd028/mixmate/src'

ERROR in ./src/App.js 12:0-48
Module not found: Error: Can't resolve './pages/ShoppingList' in '/home/kavia/workspace/code-generation/mixmate-103085-1e2cd028/mixmate/src'

ERROR in ./src/App.js 13:0-40
Module not found: Error: Can't resolve './pages/Trending' in '/home/kavia/workspace/code-generation/mixmate-103085-1e2cd028/mixmate/src'

ERROR in ./src/App.js 14:0-46
Module not found: Error: Can't resolve './pages/AIBartender' in '/home/kavia/workspace/code-generation/mixmate-103085-1e2cd028/mixmate/src'

ERROR in ./src/App.js 15:0-52
Module not found: Error: Can't resolve './pages/LiquorPairings' in '/home/kavia/workspace/code-generation/mixmate-103085-1e2cd028/mixmate/src'

ERROR in ./src/components/Sidebar.js 5:0-43
Module not found: Error: Can't resolve 'react-router-dom' in '/home/kavia/workspace/code-generation/mixmate-103085-1e2cd028/mixmate/src/components'

ERROR in ./src/components/Sidebar.js 6:0-114
Module not found: Error: Can't resolve 'react-icons/fa' in '/home/kavia/workspace/code-generation/mixmate-103085-1e2cd028/mixmate/src/components'

ERROR in ./src/components/Topbar.js 6:0-54
Module not found: Error: Can't resolve 'react-icons/fa' in '/home/kavia/workspace/code-generation/mixmate-103085-1e2cd028/mixmate/src/components'

ERROR in ./src/pages/Favorites.js 8:0-40
Module not found: Error: Can't resolve 'react-icons/fa' in '/home/kavia/workspace/code-generation/mixmate-103085-1e2cd028/mixmate/src/pages'

ERROR in ./src/supabase/client.js 6:0-53
Module not found: Error: Can't resolve '@supabase/supabase-js' in '/home/kavia/workspace/code-generation/mixmate-103085-1e2cd028/mixmate/src/supabase'

webpack compiled with 10 errors and 1 warning
Compiling...
Failed to compile.

Module not found: Error: Can't resolve 'react-router-dom' in '/home/kavia/workspace/code-generation/mixmate-103085-1e2cd028/mixmate/src'
WARNING in [eslint] 
src/App.js
  Line 1:27:  'useEffect' is defined but never used  no-unused-vars

src/pages/Explore.js
  Line 3:10:  'useSession' is defined but never used  no-unused-vars

src/pages/Generator.js
  Line 24:19:  'error' is assigned a value but never used  no-unused-vars

src/supabase/SessionContext.js
  Line 12:21:  'error' is assigned a value but never used  no-unused-vars

ERROR in ./src/App.js 6:0-84
Module not found: Error: Can't resolve 'react-router-dom' in '/home/kavia/workspace/code-generation/mixmate-103085-1e2cd028/mixmate/src'

ERROR in ./src/App.js 12:0-48
Module not found: Error: Can't resolve './pages/ShoppingList' in '/home/kavia/workspace/code-generation/mixmate-103085-1e2cd028/mixmate/src'

ERROR in ./src/App.js 13:0-40
Module not found: Error: Can't resolve './pages/Trending' in '/home/kavia/workspace/code-generation/mixmate-103085-1e2cd028/mixmate/src'

ERROR in ./src/App.js 14:0-46
Module not found: Error: Can't resolve './pages/AIBartender' in '/home/kavia/workspace/code-generation/mixmate-103085-1e2cd028/mixmate/src'

ERROR in ./src/App.js 15:0-52
Module not found: Error: Can't resolve './pages/LiquorPairings' in '/home/kavia/workspace/code-generation/mixmate-103085-1e2cd028/mixmate/src'

ERROR in ./src/components/Sidebar.js 5:0-43
Module not found: Error: Can't resolve 'react-router-dom' in '/home/kavia/workspace/code-generation/mixmate-103085-1e2cd028/mixmate/src/components'

ERROR in ./src/components/Sidebar.js 6:0-114
Module not found: Error: Can't resolve 'react-icons/fa' in '/home/kavia/workspace/code-generation/mixmate-103085-1e2cd028/mixmate/src/components'

ERROR in ./src/components/Topbar.js 6:0-54
Module not found: Error: Can't resolve 'react-icons/fa' in '/home/kavia/workspace/code-generation/mixmate-103085-1e2cd028/mixmate/src/components'

ERROR in ./src/pages/Favorites.js 8:0-40
Module not found: Error: Can't resolve 'react-icons/fa' in '/home/kavia/workspace/code-generation/mixmate-103085-1e2cd028/mixmate/src/pages'

ERROR in ./src/supabase/client.js 6:0-53
Module not found: Error: Can't resolve '@supabase/supabase-js' in '/home/kavia/workspace/code-generation/mixmate-103085-1e2cd028/mixmate/src/supabase'

webpack compiled with 10 errors and 1 warning
Compiling...
Failed to compile.

Module not found: Error: Can't resolve 'react-router-dom' in '/home/kavia/workspace/code-generation/mixmate-103085-1e2cd028/mixmate/src'
WARNING in [eslint] 
src/App.js
  Line 1:27:  'useEffect' is defined but never used  no-unused-vars

src/pages/Explore.js
  Line 3:10:  'useSession' is defined but never used  no-unused-vars

src/pages/Generator.js
  Line 24:19:  'error' is assigned a value but never used  no-unused-vars

src/supabase/SessionContext.js
  Line 12:21:  'error' is assigned a value but never used  no-unused-vars

ERROR in ./src/App.js 6:0-84
Module not found: Error: Can't resolve 'react-router-dom' in '/home/kavia/workspace/code-generation/mixmate-103085-1e2cd028/mixmate/src'

ERROR in ./src/App.js 13:0-40
Module not found: Error: Can't resolve './pages/Trending' in '/home/kavia/workspace/code-generation/mixmate-103085-1e2cd028/mixmate/src'

ERROR in ./src/App.js 14:0-46
Module not found: Error: Can't resolve './pages/AIBartender' in '/home/kavia/workspace/code-generation/mixmate-103085-1e2cd028/mixmate/src'

ERROR in ./src/App.js 15:0-52
Module not found: Error: Can't resolve './pages/LiquorPairings' in '/home/kavia/workspace/code-generation/mixmate-103085-1e2cd028/mixmate/src'

ERROR in ./src/components/Sidebar.js 5:0-43
Module not found: Error: Can't resolve 'react-router-dom' in '/home/kavia/workspace/code-generation/mixmate-103085-1e2cd028/mixmate/src/components'

ERROR in ./src/components/Sidebar.js 6:0-114
Module not found: Error: Can't resolve 'react-icons/fa' in '/home/kavia/workspace/code-generation/mixmate-103085-1e2cd028/mixmate/src/components'

ERROR in ./src/components/Topbar.js 6:0-54
Module not found: Error: Can't resolve 'react-icons/fa' in '/home/kavia/workspace/code-generation/mixmate-103085-1e2cd028/mixmate/src/components'

ERROR in ./src/pages/Favorites.js 8:0-40
Module not found: Error: Can't resolve 'react-icons/fa' in '/home/kavia/workspace/code-generation/mixmate-103085-1e2cd028/mixmate/src/pages'

ERROR in ./src/pages/ShoppingList.js 8:0-41
Module not found: Error: Can't resolve 'react-icons/fa' in '/home/kavia/workspace/code-generation/mixmate-103085-1e2cd028/mixmate/src/pages'

ERROR in ./src/supabase/client.js 6:0-53
Module not found: Error: Can't resolve '@supabase/supabase-js' in '/home/kavia/workspace/code-generation/mixmate-103085-1e2cd028/mixmate/src/supabase'

webpack compiled with 10 errors and 1 warning
Compiling...
Failed to compile.

Module not found: Error: Can't resolve 'react-router-dom' in '/home/kavia/workspace/code-generation/mixmate-103085-1e2cd028/mixmate/src'
WARNING in [eslint] 
src/App.js
  Line 1:27:  'useEffect' is defined but never used  no-unused-vars

src/pages/Explore.js
  Line 3:10:  'useSession' is defined but never used  no-unused-vars

src/pages/Generator.js
  Line 24:19:  'error' is assigned a value but never used  no-unused-vars

src/supabase/SessionContext.js
  Line 12:21:  'error' is assigned a value but never used  no-unused-vars

ERROR in ./src/App.js 6:0-84
Module not found: Error: Can't resolve 'react-router-dom' in '/home/kavia/workspace/code-generation/mixmate-103085-1e2cd028/mixmate/src'

ERROR in ./src/App.js 13:0-40
Module not found: Error: Can't resolve './pages/Trending' in '/home/kavia/workspace/code-generation/mixmate-103085-1e2cd028/mixmate/src'

ERROR in ./src/App.js 14:0-46
Module not found: Error: Can't resolve './pages/AIBartender' in '/home/kavia/workspace/code-generation/mixmate-103085-1e2cd028/mixmate/src'

ERROR in ./src/App.js 15:0-52
Module not found: Error: Can't resolve './pages/LiquorPairings' in '/home/kavia/workspace/code-generation/mixmate-103085-1e2cd028/mixmate/src'

ERROR in ./src/components/Sidebar.js 5:0-43
Module not found: Error: Can't resolve 'react-router-dom' in '/home/kavia/workspace/code-generation/mixmate-103085-1e2cd028/mixmate/src/components'

ERROR in ./src/components/Sidebar.js 6:0-114
Module not found: Error: Can't resolve 'react-icons/fa' in '/home/kavia/workspace/code-generation/mixmate-103085-1e2cd028/mixmate/src/components'

ERROR in ./src/components/Topbar.js 6:0-54
Module not found: Error: Can't resolve 'react-icons/fa' in '/home/kavia/workspace/code-generation/mixmate-103085-1e2cd028/mixmate/src/components'

ERROR in ./src/pages/Favorites.js 8:0-40
Module not found: Error: Can't resolve 'react-icons/fa' in '/home/kavia/workspace/code-generation/mixmate-103085-1e2cd028/mixmate/src/pages'

ERROR in ./src/pages/ShoppingList.js 8:0-41
Module not found: Error: Can't resolve 'react-icons/fa' in '/home/kavia/workspace/code-generation/mixmate-103085-1e2cd028/mixmate/src/pages'

ERROR in ./src/supabase/client.js 6:0-53
Module not found: Error: Can't resolve '@supabase/supabase-js' in '/home/kavia/workspace/code-generation/mixmate-103085-1e2cd028/mixmate/src/supabase'

webpack compiled with 10 errors and 1 warning
Compiling...
Failed to compile.

Module not found: Error: Can't resolve 'react-router-dom' in '/home/kavia/workspace/code-generation/mixmate-103085-1e2cd028/mixmate/src'
WARNING in [eslint] 
src/App.js
  Line 1:27:  'useEffect' is defined but never used  no-unused-vars

src/pages/Explore.js
  Line 3:10:  'useSession' is defined but never used  no-unused-vars

src/pages/Generator.js
  Line 24:19:  'error' is assigned a value but never used  no-unused-vars

src/supabase/SessionContext.js
  Line 12:21:  'error' is assigned a value but never used  no-unused-vars

ERROR in ./src/App.js 6:0-84
Module not found: Error: Can't resolve 'react-router-dom' in '/home/kavia/workspace/code-generation/mixmate-103085-1e2cd028/mixmate/src'

ERROR in ./src/App.js 14:0-46
Module not found: Error: Can't resolve './pages/AIBartender' in '/home/kavia/workspace/code-generation/mixmate-103085-1e2cd028/mixmate/src'

ERROR in ./src/App.js 15:0-52
Module not found: Error: Can't resolve './pages/LiquorPairings' in '/home/kavia/workspace/code-generation/mixmate-103085-1e2cd028/mixmate/src'

ERROR in ./src/components/Sidebar.js 5:0-43
Module not found: Error: Can't resolve 'react-router-dom' in '/home/kavia/workspace/code-generation/mixmate-103085-1e2cd028/mixmate/src/components'

ERROR in ./src/components/Sidebar.js 6:0-114
Module not found: Error: Can't resolve 'react-icons/fa' in '/home/kavia/workspace/code-generation/mixmate-103085-1e2cd028/mixmate/src/components'

ERROR in ./src/components/Topbar.js 6:0-54
Module not found: Error: Can't resolve 'react-icons/fa' in '/home/kavia/workspace/code-generation/mixmate-103085-1e2cd028/mixmate/src/components'

ERROR in ./src/pages/Favorites.js 8:0-40
Module not found: Error: Can't resolve 'react-icons/fa' in '/home/kavia/workspace/code-generation/mixmate-103085-1e2cd028/mixmate/src/pages'

ERROR in ./src/pages/ShoppingList.js 8:0-41
Module not found: Error: Can't resolve 'react-icons/fa' in '/home/kavia/workspace/code-generation/mixmate-103085-1e2cd028/mixmate/src/pages'

ERROR in ./src/pages/Trending.js 7:0-43
Module not found: Error: Can't resolve 'react-icons/fa' in '/home/kavia/workspace/code-generation/mixmate-103085-1e2cd028/mixmate/src/pages'

ERROR in ./src/supabase/client.js 6:0-53
Module not found: Error: Can't resolve '@supabase/supabase-js' in '/home/kavia/workspace/code-generation/mixmate-103085-1e2cd028/mixmate/src/supabase'

webpack compiled with 10 errors and 1 warning
Compiling...
Failed to compile.

Module not found: Error: Can't resolve 'react-router-dom' in '/home/kavia/workspace/code-generation/mixmate-103085-1e2cd028/mixmate/src'
WARNING in [eslint] 
src/App.js
  Line 1:27:  'useEffect' is defined but never used  no-unused-vars

src/pages/Explore.js
  Line 3:10:  'useSession' is defined but never used  no-unused-vars

src/pages/Generator.js
  Line 24:19:  'error' is assigned a value but never used  no-unused-vars

src/supabase/SessionContext.js
  Line 12:21:  'error' is assigned a value but never used  no-unused-vars

ERROR in ./src/App.js 6:0-84
Module not found: Error: Can't resolve 'react-router-dom' in '/home/kavia/workspace/code-generation/mixmate-103085-1e2cd028/mixmate/src'

ERROR in ./src/App.js 14:0-46
Module not found: Error: Can't resolve './pages/AIBartender' in '/home/kavia/workspace/code-generation/mixmate-103085-1e2cd028/mixmate/src'

ERROR in ./src/App.js 15:0-52
Module not found: Error: Can't resolve './pages/LiquorPairings' in '/home/kavia/workspace/code-generation/mixmate-103085-1e2cd028/mixmate/src'

ERROR in ./src/components/Sidebar.js 5:0-43
Module not found: Error: Can't resolve 'react-router-dom' in '/home/kavia/workspace/code-generation/mixmate-103085-1e2cd028/mixmate/src/components'

ERROR in ./src/components/Sidebar.js 6:0-114
Module not found: Error: Can't resolve 'react-icons/fa' in '/home/kavia/workspace/code-generation/mixmate-103085-1e2cd028/mixmate/src/components'

ERROR in ./src/components/Topbar.js 6:0-54
Module not found: Error: Can't resolve 'react-icons/fa' in '/home/kavia/workspace/code-generation/mixmate-103085-1e2cd028/mixmate/src/components'

ERROR in ./src/pages/Favorites.js 8:0-40
Module not found: Error: Can't resolve 'react-icons/fa' in '/home/kavia/workspace/code-generation/mixmate-103085-1e2cd028/mixmate/src/pages'

ERROR in ./src/pages/ShoppingList.js 8:0-41
Module not found: Error: Can't resolve 'react-icons/fa' in '/home/kavia/workspace/code-generation/mixmate-103085-1e2cd028/mixmate/src/pages'

ERROR in ./src/pages/Trending.js 7:0-43
Module not found: Error: Can't resolve 'react-icons/fa' in '/home/kavia/workspace/code-generation/mixmate-103085-1e2cd028/mixmate/src/pages'

ERROR in ./src/supabase/client.js 6:0-53
Module not found: Error: Can't resolve '@supabase/supabase-js' in '/home/kavia/workspace/code-generation/mixmate-103085-1e2cd028/mixmate/src/supabase'

webpack compiled with 10 errors and 1 warning
Compiling...
Failed to compile.

Module not found: Error: Can't resolve 'react-router-dom' in '/home/kavia/workspace/code-generation/mixmate-103085-1e2cd028/mixmate/src'
WARNING in [eslint] 
src/App.js
  Line 1:27:  'useEffect' is defined but never used  no-unused-vars

src/pages/Explore.js
  Line 3:10:  'useSession' is defined but never used  no-unused-vars

src/pages/Generator.js
  Line 24:19:  'error' is assigned a value but never used  no-unused-vars

src/supabase/SessionContext.js
  Line 12:21:  'error' is assigned a value but never used  no-unused-vars

ERROR in ./src/App.js 6:0-84
Module not found: Error: Can't resolve 'react-router-dom' in '/home/kavia/workspace/code-generation/mixmate-103085-1e2cd028/mixmate/src'

ERROR in ./src/App.js 14:0-46
Module not found: Error: Can't resolve './pages/AIBartender' in '/home/kavia/workspace/code-generation/mixmate-103085-1e2cd028/mixmate/src'

ERROR in ./src/components/Sidebar.js 5:0-43
Module not found: Error: Can't resolve 'react-router-dom' in '/home/kavia/workspace/code-generation/mixmate-103085-1e2cd028/mixmate/src/components'

ERROR in ./src/components/Sidebar.js 6:0-114
Module not found: Error: Can't resolve 'react-icons/fa' in '/home/kavia/workspace/code-generation/mixmate-103085-1e2cd028/mixmate/src/components'

ERROR in ./src/components/Topbar.js 6:0-54
Module not found: Error: Can't resolve 'react-icons/fa' in '/home/kavia/workspace/code-generation/mixmate-103085-1e2cd028/mixmate/src/components'

ERROR in ./src/pages/Favorites.js 8:0-40
Module not found: Error: Can't resolve 'react-icons/fa' in '/home/kavia/workspace/code-generation/mixmate-103085-1e2cd028/mixmate/src/pages'

ERROR in ./src/pages/ShoppingList.js 8:0-41
Module not found: Error: Can't resolve 'react-icons/fa' in '/home/kavia/workspace/code-generation/mixmate-103085-1e2cd028/mixmate/src/pages'

ERROR in ./src/pages/Trending.js 7:0-43
Module not found: Error: Can't resolve 'react-icons/fa' in '/home/kavia/workspace/code-generation/mixmate-103085-1e2cd028/mixmate/src/pages'

ERROR in ./src/supabase/client.js 6:0-53
Module not found: Error: Can't resolve '@supabase/supabase-js' in '/home/kavia/workspace/code-generation/mixmate-103085-1e2cd028/mixmate/src/supabase'

webpack compiled with 9 errors and 1 warning
Compiling...
Failed to compile.

Module not found: Error: Can't resolve 'react-router-dom' in '/home/kavia/workspace/code-generation/mixmate-103085-1e2cd028/mixmate/src'
WARNING in [eslint] 
src/App.js
  Line 1:27:  'useEffect' is defined but never used  no-unused-vars

src/pages/Explore.js
  Line 3:10:  'useSession' is defined but never used  no-unused-vars

src/pages/Generator.js
  Line 24:19:  'error' is assigned a value but never used  no-unused-vars

src/supabase/SessionContext.js
  Line 12:21:  'error' is assigned a value but never used  no-unused-vars

ERROR in ./src/App.js 6:0-84
Module not found: Error: Can't resolve 'react-router-dom' in '/home/kavia/workspace/code-generation/mixmate-103085-1e2cd028/mixmate/src'

ERROR in ./src/App.js 14:0-46
Module not found: Error: Can't resolve './pages/AIBartender' in '/home/kavia/workspace/code-generation/mixmate-103085-1e2cd028/mixmate/src'

ERROR in ./src/components/Sidebar.js 5:0-43
Module not found: Error: Can't resolve 'react-router-dom' in '/home/kavia/workspace/code-generation/mixmate-103085-1e2cd028/mixmate/src/components'

ERROR in ./src/components/Sidebar.js 6:0-114
Module not found: Error: Can't resolve 'react-icons/fa' in '/home/kavia/workspace/code-generation/mixmate-103085-1e2cd028/mixmate/src/components'

ERROR in ./src/components/Topbar.js 6:0-54
Module not found: Error: Can't resolve 'react-icons/fa' in '/home/kavia/workspace/code-generation/mixmate-103085-1e2cd028/mixmate/src/components'

ERROR in ./src/pages/Favorites.js 8:0-40
Module not found: Error: Can't resolve 'react-icons/fa' in '/home/kavia/workspace/code-generation/mixmate-103085-1e2cd028/mixmate/src/pages'

ERROR in ./src/pages/ShoppingList.js 8:0-41
Module not found: Error: Can't resolve 'react-icons/fa' in '/home/kavia/workspace/code-generation/mixmate-103085-1e2cd028/mixmate/src/pages'

ERROR in ./src/pages/Trending.js 7:0-43
Module not found: Error: Can't resolve 'react-icons/fa' in '/home/kavia/workspace/code-generation/mixmate-103085-1e2cd028/mixmate/src/pages'

ERROR in ./src/supabase/client.js 6:0-53
Module not found: Error: Can't resolve '@supabase/supabase-js' in '/home/kavia/workspace/code-generation/mixmate-103085-1e2cd028/mixmate/src/supabase'

webpack compiled with 9 errors and 1 warning
Compiling...
Failed to compile.

Module not found: Error: Can't resolve 'react-router-dom' in '/home/kavia/workspace/code-generation/mixmate-103085-1e2cd028/mixmate/src'
WARNING in [eslint] 
src/App.js
  Line 1:27:  'useEffect' is defined but never used  no-unused-vars

src/pages/Explore.js
  Line 3:10:  'useSession' is defined but never used  no-unused-vars

src/pages/Generator.js
  Line 24:19:  'error' is assigned a value but never used  no-unused-vars

src/supabase/SessionContext.js
  Line 12:21:  'error' is assigned a value but never used  no-unused-vars

ERROR in ./src/App.js 6:0-84
Module not found: Error: Can't resolve 'react-router-dom' in '/home/kavia/workspace/code-generation/mixmate-103085-1e2cd028/mixmate/src'

ERROR in ./src/components/Sidebar.js 5:0-43
Module not found: Error: Can't resolve 'react-router-dom' in '/home/kavia/workspace/code-generation/mixmate-103085-1e2cd028/mixmate/src/components'

ERROR in ./src/components/Sidebar.js 6:0-114
Module not found: Error: Can't resolve 'react-icons/fa' in '/home/kavia/workspace/code-generation/mixmate-103085-1e2cd028/mixmate/src/components'

ERROR in ./src/components/Topbar.js 6:0-54
Module not found: Error: Can't resolve 'react-icons/fa' in '/home/kavia/workspace/code-generation/mixmate-103085-1e2cd028/mixmate/src/components'

ERROR in ./src/pages/AIBartender.js 8:0-55
Module not found: Error: Can't resolve 'react-icons/fa' in '/home/kavia/workspace/code-generation/mixmate-103085-1e2cd028/mixmate/src/pages'

ERROR in ./src/pages/Favorites.js 8:0-40
Module not found: Error: Can't resolve 'react-icons/fa' in '/home/kavia/workspace/code-generation/mixmate-103085-1e2cd028/mixmate/src/pages'

ERROR in ./src/pages/ShoppingList.js 8:0-41
Module not found: Error: Can't resolve 'react-icons/fa' in '/home/kavia/workspace/code-generation/mixmate-103085-1e2cd028/mixmate/src/pages'

ERROR in ./src/pages/Trending.js 7:0-43
Module not found: Error: Can't resolve 'react-icons/fa' in '/home/kavia/workspace/code-generation/mixmate-103085-1e2cd028/mixmate/src/pages'

ERROR in ./src/supabase/client.js 6:0-53
Module not found: Error: Can't resolve '@supabase/supabase-js' in '/home/kavia/workspace/code-generation/mixmate-103085-1e2cd028/mixmate/src/supabase'

webpack compiled with 9 errors and 1 warning
Compiling...
Failed to compile.

Module not found: Error: Can't resolve 'react-router-dom' in '/home/kavia/workspace/code-generation/mixmate-103085-1e2cd028/mixmate/src'
WARNING in [eslint] 
src/App.js
  Line 1:27:  'useEffect' is defined but never used  no-unused-vars

src/pages/Explore.js
  Line 3:10:  'useSession' is defined but never used  no-unused-vars

src/pages/Generator.js
  Line 24:19:  'error' is assigned a value but never used  no-unused-vars

src/supabase/SessionContext.js
  Line 12:21:  'error' is assigned a value but never used  no-unused-vars

ERROR in ./src/App.js 6:0-84
Module not found: Error: Can't resolve 'react-router-dom' in '/home/kavia/workspace/code-generation/mixmate-103085-1e2cd028/mixmate/src'

ERROR in ./src/components/Sidebar.js 5:0-43
Module not found: Error: Can't resolve 'react-router-dom' in '/home/kavia/workspace/code-generation/mixmate-103085-1e2cd028/mixmate/src/components'

ERROR in ./src/components/Sidebar.js 6:0-114
Module not found: Error: Can't resolve 'react-icons/fa' in '/home/kavia/workspace/code-generation/mixmate-103085-1e2cd028/mixmate/src/components'

ERROR in ./src/components/Topbar.js 6:0-54
Module not found: Error: Can't resolve 'react-icons/fa' in '/home/kavia/workspace/code-generation/mixmate-103085-1e2cd028/mixmate/src/components'

ERROR in ./src/pages/AIBartender.js 8:0-55
Module not found: Error: Can't resolve 'react-icons/fa' in '/home/kavia/workspace/code-generation/mixmate-103085-1e2cd028/mixmate/src/pages'

ERROR in ./src/pages/Favorites.js 8:0-40
Module not found: Error: Can't resolve 'react-icons/fa' in '/home/kavia/workspace/code-generation/mixmate-103085-1e2cd028/mixmate/src/pages'

ERROR in ./src/pages/ShoppingList.js 8:0-41
Module not found: Error: Can't resolve 'react-icons/fa' in '/home/kavia/workspace/code-generation/mixmate-103085-1e2cd028/mixmate/src/pages'

ERROR in ./src/pages/Trending.js 7:0-43
Module not found: Error: Can't resolve 'react-icons/fa' in '/home/kavia/workspace/code-generation/mixmate-103085-1e2cd028/mixmate/src/pages'

ERROR in ./src/supabase/client.js 6:0-53
Module not found: Error: Can't resolve '@supabase/supabase-js' in '/home/kavia/workspace/code-generation/mixmate-103085-1e2cd028/mixmate/src/supabase'

webpack compiled with 9 errors and 1 warning
Compiling...
Failed to compile.

Module not found: Error: Can't resolve 'react-router-dom' in '/home/kavia/workspace/code-generation/mixmate-103085-1e2cd028/mixmate/src'
LOG from webpack.FileSystemInfo
<w> Managed item /home/kavia/workspace/code-generation/mixmate-103085-1e2cd028/mixmate/node_modules/react-router-dom isn't a directory or doesn't contain a package.json (see snapshot.managedPaths option)
<w> Managed item /home/kavia/workspace/code-generation/mixmate-103085-1e2cd028/mixmate/node_modules/react-icons isn't a directory or doesn't contain a package.json (see snapshot.managedPaths option)
<w> Managed item /home/kavia/workspace/code-generation/mixmate-103085-1e2cd028/mixmate/node_modules/@supabase/supabase-js isn't a directory or doesn't contain a package.json (see snapshot.managedPaths option)
+ 15 hidden lines

WARNING in [eslint] 
src/App.js
  Line 1:27:  'useEffect' is defined but never used  no-unused-vars

src/pages/Explore.js
  Line 3:10:  'useSession' is defined but never used  no-unused-vars

src/pages/Generator.js
  Line 24:19:  'error' is assigned a value but never used  no-unused-vars

src/supabase/SessionContext.js
  Line 12:21:  'error' is assigned a value but never used  no-unused-vars

ERROR in ./src/App.js 6:0-84
Module not found: Error: Can't resolve 'react-router-dom' in '/home/kavia/workspace/code-generation/mixmate-103085-1e2cd028/mixmate/src'

ERROR in ./src/components/Sidebar.js 5:0-43
Module not found: Error: Can't resolve 'react-router-dom' in '/home/kavia/workspace/code-generation/mixmate-103085-1e2cd028/mixmate/src/components'

ERROR in ./src/components/Sidebar.js 6:0-114
Module not found: Error: Can't resolve 'react-icons/fa' in '/home/kavia/workspace/code-generation/mixmate-103085-1e2cd028/mixmate/src/components'

ERROR in ./src/components/Topbar.js 6:0-54
Module not found: Error: Can't resolve 'react-icons/fa' in '/home/kavia/workspace/code-generation/mixmate-103085-1e2cd028/mixmate/src/components'

ERROR in ./src/pages/AIBartender.js 8:0-55
Module not found: Error: Can't resolve 'react-icons/fa' in '/home/kavia/workspace/code-generation/mixmate-103085-1e2cd028/mixmate/src/pages'

ERROR in ./src/pages/Favorites.js 8:0-40
Module not found: Error: Can't resolve 'react-icons/fa' in '/home/kavia/workspace/code-generation/mixmate-103085-1e2cd028/mixmate/src/pages'

ERROR in ./src/pages/ShoppingList.js 8:0-41
Module not found: Error: Can't resolve 'react-icons/fa' in '/home/kavia/workspace/code-generation/mixmate-103085-1e2cd028/mixmate/src/pages'

ERROR in ./src/pages/Trending.js 7:0-43
Module not found: Error: Can't resolve 'react-icons/fa' in '/home/kavia/workspace/code-generation/mixmate-103085-1e2cd028/mixmate/src/pages'

ERROR in ./src/supabase/client.js 6:0-53
Module not found: Error: Can't resolve '@supabase/supabase-js' in '/home/kavia/workspace/code-generation/mixmate-103085-1e2cd028/mixmate/src/supabase'

webpack compiled with 9 errors and 1 warning
Compiling...
Failed to compile.

Module not found: Error: Can't resolve 'react-router-dom' in '/home/kavia/workspace/code-generation/mixmate-103085-1e2cd028/mixmate/src'
WARNING in ./node_modules/@supabase/auth-js/dist/module/AuthAdminApi.js
Module Warning (from ./node_modules/source-map-loader/dist/cjs.js):
Failed to parse source map from '/home/kavia/workspace/code-generation/mixmate-103085-1e2cd028/mixmate/node_modules/@supabase/auth-js/src/AuthAdminApi.ts' file: Error: ENOENT: no such file or directory, open '/home/kavia/workspace/code-generation/mixmate-103085-1e2cd028/mixmate/node_modules/@supabase/auth-js/src/AuthAdminApi.ts'

WARNING in ./node_modules/@supabase/auth-js/dist/module/AuthClient.js
Module Warning (from ./node_modules/source-map-loader/dist/cjs.js):
Failed to parse source map from '/home/kavia/workspace/code-generation/mixmate-103085-1e2cd028/mixmate/node_modules/@supabase/auth-js/src/AuthClient.ts' file: Error: ENOENT: no such file or directory, open '/home/kavia/workspace/code-generation/mixmate-103085-1e2cd028/mixmate/node_modules/@supabase/auth-js/src/AuthClient.ts'

WARNING in ./node_modules/@supabase/auth-js/dist/module/GoTrueAdminApi.js
Module Warning (from ./node_modules/source-map-loader/dist/cjs.js):
Failed to parse source map from '/home/kavia/workspace/code-generation/mixmate-103085-1e2cd028/mixmate/node_modules/@supabase/auth-js/src/GoTrueAdminApi.ts' file: Error: ENOENT: no such file or directory, open '/home/kavia/workspace/code-generation/mixmate-103085-1e2cd028/mixmate/node_modules/@supabase/auth-js/src/GoTrueAdminApi.ts'

WARNING in ./node_modules/@supabase/auth-js/dist/module/GoTrueClient.js
Module Warning (from ./node_modules/source-map-loader/dist/cjs.js):
Failed to parse source map from '/home/kavia/workspace/code-generation/mixmate-103085-1e2cd028/mixmate/node_modules/@supabase/auth-js/src/GoTrueClient.ts' file: Error: ENOENT: no such file or directory, open '/home/kavia/workspace/code-generation/mixmate-103085-1e2cd028/mixmate/node_modules/@supabase/auth-js/src/GoTrueClient.ts'

WARNING in ./node_modules/@supabase/auth-js/dist/module/index.js
Module Warning (from ./node_modules/source-map-loader/dist/cjs.js):
Failed to parse source map from '/home/kavia/workspace/code-generation/mixmate-103085-1e2cd028/mixmate/node_modules/@supabase/auth-js/dist/module/index.js.map' file: Error: ENOENT: no such file or directory, open '/home/kavia/workspace/code-generation/mixmate-103085-1e2cd028/mixmate/node_modules/@supabase/auth-js/dist/module/index.js.map'

WARNING in ./node_modules/@supabase/auth-js/dist/module/lib/errors.js
Module Warning (from ./node_modules/source-map-loader/dist/cjs.js):
Failed to parse source map from '/home/kavia/workspace/code-generation/mixmate-103085-1e2cd028/mixmate/node_modules/@supabase/auth-js/src/lib/errors.ts' file: Error: ENOENT: no such file or directory, open '/home/kavia/workspace/code-generation/mixmate-103085-1e2cd028/mixmate/node_modules/@supabase/auth-js/src/lib/errors.ts'

WARNING in ./node_modules/@supabase/auth-js/dist/module/lib/locks.js
Module Warning (from ./node_modules/source-map-loader/dist/cjs.js):
Failed to parse source map from 'locks.js.map': SyntaxError: Unexpected end of JSON input

WARNING in ./node_modules/@supabase/auth-js/dist/module/lib/types.js
Module Warning (from ./node_modules/source-map-loader/dist/cjs.js):
Failed to parse source map from '/home/kavia/workspace/code-generation/mixmate-103085-1e2cd028/mixmate/node_modules/@supabase/auth-js/dist/module/lib/types.js.map' file: Error: ENOENT: no such file or directory, open '/home/kavia/workspace/code-generation/mixmate-103085-1e2cd028/mixmate/node_modules/@supabase/auth-js/dist/module/lib/types.js.map'

WARNING in ./node_modules/@supabase/realtime-js/dist/module/index.js
Module Warning (from ./node_modules/source-map-loader/dist/cjs.js):
Failed to parse source map from '/home/kavia/workspace/code-generation/mixmate-103085-1e2cd028/mixmate/node_modules/@supabase/realtime-js/src/index.ts' file: Error: ENOENT: no such file or directory, open '/home/kavia/workspace/code-generation/mixmate-103085-1e2cd028/mixmate/node_modules/@supabase/realtime-js/src/index.ts'

WARNING in ./node_modules/@supabase/supabase-js/dist/module/SupabaseClient.js
Module Warning (from ./node_modules/source-map-loader/dist/cjs.js):
Failed to parse source map from '/home/kavia/workspace/code-generation/mixmate-103085-1e2cd028/mixmate/node_modules/@supabase/supabase-js/dist/module/SupabaseClient.js.map' file: Error: ENOENT: no such file or directory, open '/home/kavia/workspace/code-generation/mixmate-103085-1e2cd028/mixmate/node_modules/@supabase/supabase-js/dist/module/SupabaseClient.js.map'

WARNING in ./node_modules/@supabase/supabase-js/dist/module/index.js
Module Warning (from ./node_modules/source-map-loader/dist/cjs.js):
Failed to parse source map from '/home/kavia/workspace/code-generation/mixmate-103085-1e2cd028/mixmate/node_modules/@supabase/supabase-js/src/index.ts' file: Error: ENOENT: no such file or directory, open '/home/kavia/workspace/code-generation/mixmate-103085-1e2cd028/mixmate/node_modules/@supabase/supabase-js/src/index.ts'

WARNING in ./node_modules/@supabase/supabase-js/dist/module/lib/SupabaseAuthClient.js
Module Warning (from ./node_modules/source-map-loader/dist/cjs.js):
Failed to parse source map from '/home/kavia/workspace/code-generation/mixmate-103085-1e2cd028/mixmate/node_modules/@supabase/supabase-js/src/lib/SupabaseAuthClient.ts' file: Error: ENOENT: no such file or directory, open '/home/kavia/workspace/code-generation/mixmate-103085-1e2cd028/mixmate/node_modules/@supabase/supabase-js/src/lib/SupabaseAuthClient.ts'

WARNING in [eslint] 
src/App.js
  Line 1:27:  'useEffect' is defined but never used  no-unused-vars

src/pages/Explore.js
  Line 3:10:  'useSession' is defined but never used  no-unused-vars

src/pages/Generator.js
  Line 24:19:  'error' is assigned a value but never used  no-unused-vars

src/supabase/SessionContext.js
  Line 12:21:  'error' is assigned a value but never used  no-unused-vars

ERROR in ./src/App.js 6:0-84
Module not found: Error: Can't resolve 'react-router-dom' in '/home/kavia/workspace/code-generation/mixmate-103085-1e2cd028/mixmate/src'

ERROR in ./src/components/Sidebar.js 5:0-43
Module not found: Error: Can't resolve 'react-router-dom' in '/home/kavia/workspace/code-generation/mixmate-103085-1e2cd028/mixmate/src/components'

ERROR in ./src/components/Sidebar.js 6:0-114
Module not found: Error: Can't resolve 'react-icons/fa' in '/home/kavia/workspace/code-generation/mixmate-103085-1e2cd028/mixmate/src/components'

ERROR in ./src/components/Topbar.js 6:0-54
Module not found: Error: Can't resolve 'react-icons/fa' in '/home/kavia/workspace/code-generation/mixmate-103085-1e2cd028/mixmate/src/components'

ERROR in ./src/pages/AIBartender.js 8:0-55
Module not found: Error: Can't resolve 'react-icons/fa' in '/home/kavia/workspace/code-generation/mixmate-103085-1e2cd028/mixmate/src/pages'

ERROR in ./src/pages/Favorites.js 8:0-40
Module not found: Error: Can't resolve 'react-icons/fa' in '/home/kavia/workspace/code-generation/mixmate-103085-1e2cd028/mixmate/src/pages'

ERROR in ./src/pages/ShoppingList.js 8:0-41
Module not found: Error: Can't resolve 'react-icons/fa' in '/home/kavia/workspace/code-generation/mixmate-103085-1e2cd028/mixmate/src/pages'

ERROR in ./src/pages/Trending.js 7:0-43
Module not found: Error: Can't resolve 'react-icons/fa' in '/home/kavia/workspace/code-generation/mixmate-103085-1e2cd028/mixmate/src/pages'

webpack compiled with 8 errors and 13 warnings
Compiling...
Failed to compile.

Module not found: Error: Can't resolve 'react-icons/fa' in '/home/kavia/workspace/code-generation/mixmate-103085-1e2cd028/mixmate/src/components'
LOG from webpack.FileSystemInfo
<w> Managed item /home/kavia/workspace/code-generation/mixmate-103085-1e2cd028/mixmate/node_modules/react-icons isn't a directory or doesn't contain a package.json (see snapshot.managedPaths option)
+ 14 hidden lines

WARNING in ./node_modules/@supabase/auth-js/dist/module/AuthAdminApi.js
Module Warning (from ./node_modules/source-map-loader/dist/cjs.js):
Failed to parse source map from '/home/kavia/workspace/code-generation/mixmate-103085-1e2cd028/mixmate/node_modules/@supabase/auth-js/src/AuthAdminApi.ts' file: Error: ENOENT: no such file or directory, open '/home/kavia/workspace/code-generation/mixmate-103085-1e2cd028/mixmate/node_modules/@supabase/auth-js/src/AuthAdminApi.ts'

WARNING in ./node_modules/@supabase/auth-js/dist/module/AuthClient.js
Module Warning (from ./node_modules/source-map-loader/dist/cjs.js):
Failed to parse source map from '/home/kavia/workspace/code-generation/mixmate-103085-1e2cd028/mixmate/node_modules/@supabase/auth-js/src/AuthClient.ts' file: Error: ENOENT: no such file or directory, open '/home/kavia/workspace/code-generation/mixmate-103085-1e2cd028/mixmate/node_modules/@supabase/auth-js/src/AuthClient.ts'

WARNING in ./node_modules/@supabase/auth-js/dist/module/GoTrueAdminApi.js
Module Warning (from ./node_modules/source-map-loader/dist/cjs.js):
Failed to parse source map from '/home/kavia/workspace/code-generation/mixmate-103085-1e2cd028/mixmate/node_modules/@supabase/auth-js/src/GoTrueAdminApi.ts' file: Error: ENOENT: no such file or directory, open '/home/kavia/workspace/code-generation/mixmate-103085-1e2cd028/mixmate/node_modules/@supabase/auth-js/src/GoTrueAdminApi.ts'

WARNING in ./node_modules/@supabase/auth-js/dist/module/GoTrueClient.js
Module Warning (from ./node_modules/source-map-loader/dist/cjs.js):
Failed to parse source map from '/home/kavia/workspace/code-generation/mixmate-103085-1e2cd028/mixmate/node_modules/@supabase/auth-js/src/GoTrueClient.ts' file: Error: ENOENT: no such file or directory, open '/home/kavia/workspace/code-generation/mixmate-103085-1e2cd028/mixmate/node_modules/@supabase/auth-js/src/GoTrueClient.ts'

WARNING in ./node_modules/@supabase/auth-js/dist/module/index.js
Module Warning (from ./node_modules/source-map-loader/dist/cjs.js):
Failed to parse source map from '/home/kavia/workspace/code-generation/mixmate-103085-1e2cd028/mixmate/node_modules/@supabase/auth-js/dist/module/index.js.map' file: Error: ENOENT: no such file or directory, open '/home/kavia/workspace/code-generation/mixmate-103085-1e2cd028/mixmate/node_modules/@supabase/auth-js/dist/module/index.js.map'

WARNING in ./node_modules/@supabase/auth-js/dist/module/lib/errors.js
Module Warning (from ./node_modules/source-map-loader/dist/cjs.js):
Failed to parse source map from '/home/kavia/workspace/code-generation/mixmate-103085-1e2cd028/mixmate/node_modules/@supabase/auth-js/src/lib/errors.ts' file: Error: ENOENT: no such file or directory, open '/home/kavia/workspace/code-generation/mixmate-103085-1e2cd028/mixmate/node_modules/@supabase/auth-js/src/lib/errors.ts'

WARNING in ./node_modules/@supabase/auth-js/dist/module/lib/locks.js
Module Warning (from ./node_modules/source-map-loader/dist/cjs.js):
Failed to parse source map from 'locks.js.map': SyntaxError: Unexpected end of JSON input

WARNING in ./node_modules/@supabase/auth-js/dist/module/lib/types.js
Module Warning (from ./node_modules/source-map-loader/dist/cjs.js):
Failed to parse source map from '/home/kavia/workspace/code-generation/mixmate-103085-1e2cd028/mixmate/node_modules/@supabase/auth-js/dist/module/lib/types.js.map' file: Error: ENOENT: no such file or directory, open '/home/kavia/workspace/code-generation/mixmate-103085-1e2cd028/mixmate/node_modules/@supabase/auth-js/dist/module/lib/types.js.map'

WARNING in ./node_modules/@supabase/realtime-js/dist/module/index.js
Module Warning (from ./node_modules/source-map-loader/dist/cjs.js):
Failed to parse source map from '/home/kavia/workspace/code-generation/mixmate-103085-1e2cd028/mixmate/node_modules/@supabase/realtime-js/src/index.ts' file: Error: ENOENT: no such file or directory, open '/home/kavia/workspace/code-generation/mixmate-103085-1e2cd028/mixmate/node_modules/@supabase/realtime-js/src/index.ts'

WARNING in ./node_modules/@supabase/supabase-js/dist/module/SupabaseClient.js
Module Warning (from ./node_modules/source-map-loader/dist/cjs.js):
Failed to parse source map from '/home/kavia/workspace/code-generation/mixmate-103085-1e2cd028/mixmate/node_modules/@supabase/supabase-js/dist/module/SupabaseClient.js.map' file: Error: ENOENT: no such file or directory, open '/home/kavia/workspace/code-generation/mixmate-103085-1e2cd028/mixmate/node_modules/@supabase/supabase-js/dist/module/SupabaseClient.js.map'

WARNING in ./node_modules/@supabase/supabase-js/dist/module/index.js
Module Warning (from ./node_modules/source-map-loader/dist/cjs.js):
Failed to parse source map from '/home/kavia/workspace/code-generation/mixmate-103085-1e2cd028/mixmate/node_modules/@supabase/supabase-js/src/index.ts' file: Error: ENOENT: no such file or directory, open '/home/kavia/workspace/code-generation/mixmate-103085-1e2cd028/mixmate/node_modules/@supabase/supabase-js/src/index.ts'

WARNING in ./node_modules/@supabase/supabase-js/dist/module/lib/SupabaseAuthClient.js
Module Warning (from ./node_modules/source-map-loader/dist/cjs.js):
Failed to parse source map from '/home/kavia/workspace/code-generation/mixmate-103085-1e2cd028/mixmate/node_modules/@supabase/supabase-js/src/lib/SupabaseAuthClient.ts' file: Error: ENOENT: no such file or directory, open '/home/kavia/workspace/code-generation/mixmate-103085-1e2cd028/mixmate/node_modules/@supabase/supabase-js/src/lib/SupabaseAuthClient.ts'

WARNING in [eslint] 
src/App.js
  Line 1:27:  'useEffect' is defined but never used  no-unused-vars

src/pages/Explore.js
  Line 3:10:  'useSession' is defined but never used  no-unused-vars

src/pages/Generator.js
  Line 24:19:  'error' is assigned a value but never used  no-unused-vars

src/supabase/SessionContext.js
  Line 12:21:  'error' is assigned a value but never used  no-unused-vars

ERROR in ./src/components/Sidebar.js 6:0-114
Module not found: Error: Can't resolve 'react-icons/fa' in '/home/kavia/workspace/code-generation/mixmate-103085-1e2cd028/mixmate/src/components'

ERROR in ./src/components/Topbar.js 6:0-54
Module not found: Error: Can't resolve 'react-icons/fa' in '/home/kavia/workspace/code-generation/mixmate-103085-1e2cd028/mixmate/src/components'

ERROR in ./src/pages/AIBartender.js 8:0-55
Module not found: Error: Can't resolve 'react-icons/fa' in '/home/kavia/workspace/code-generation/mixmate-103085-1e2cd028/mixmate/src/pages'

ERROR in ./src/pages/Favorites.js 8:0-40
Module not found: Error: Can't resolve 'react-icons/fa' in '/home/kavia/workspace/code-generation/mixmate-103085-1e2cd028/mixmate/src/pages'

ERROR in ./src/pages/ShoppingList.js 8:0-41
Module not found: Error: Can't resolve 'react-icons/fa' in '/home/kavia/workspace/code-generation/mixmate-103085-1e2cd028/mixmate/src/pages'

ERROR in ./src/pages/Trending.js 7:0-43
Module not found: Error: Can't resolve 'react-icons/fa' in '/home/kavia/workspace/code-generation/mixmate-103085-1e2cd028/mixmate/src/pages'

webpack compiled with 6 errors and 13 warnings
Compiling...
Failed to compile.

Module not found: Error: Can't resolve 'react-icons/fa' in '/home/kavia/workspace/code-generation/mixmate-103085-1e2cd028/mixmate/src/components'
WARNING in ./node_modules/@supabase/auth-js/dist/module/AuthAdminApi.js
Module Warning (from ./node_modules/source-map-loader/dist/cjs.js):
Failed to parse source map from '/home/kavia/workspace/code-generation/mixmate-103085-1e2cd028/mixmate/node_modules/@supabase/auth-js/src/AuthAdminApi.ts' file: Error: ENOENT: no such file or directory, open '/home/kavia/workspace/code-generation/mixmate-103085-1e2cd028/mixmate/node_modules/@supabase/auth-js/src/AuthAdminApi.ts'

WARNING in ./node_modules/@supabase/auth-js/dist/module/AuthClient.js
Module Warning (from ./node_modules/source-map-loader/dist/cjs.js):
Failed to parse source map from '/home/kavia/workspace/code-generation/mixmate-103085-1e2cd028/mixmate/node_modules/@supabase/auth-js/src/AuthClient.ts' file: Error: ENOENT: no such file or directory, open '/home/kavia/workspace/code-generation/mixmate-103085-1e2cd028/mixmate/node_modules/@supabase/auth-js/src/AuthClient.ts'

WARNING in ./node_modules/@supabase/auth-js/dist/module/GoTrueAdminApi.js
Module Warning (from ./node_modules/source-map-loader/dist/cjs.js):
Failed to parse source map from '/home/kavia/workspace/code-generation/mixmate-103085-1e2cd028/mixmate/node_modules/@supabase/auth-js/src/GoTrueAdminApi.ts' file: Error: ENOENT: no such file or directory, open '/home/kavia/workspace/code-generation/mixmate-103085-1e2cd028/mixmate/node_modules/@supabase/auth-js/src/GoTrueAdminApi.ts'

WARNING in ./node_modules/@supabase/auth-js/dist/module/GoTrueClient.js
Module Warning (from ./node_modules/source-map-loader/dist/cjs.js):
Failed to parse source map from '/home/kavia/workspace/code-generation/mixmate-103085-1e2cd028/mixmate/node_modules/@supabase/auth-js/src/GoTrueClient.ts' file: Error: ENOENT: no such file or directory, open '/home/kavia/workspace/code-generation/mixmate-103085-1e2cd028/mixmate/node_modules/@supabase/auth-js/src/GoTrueClient.ts'

WARNING in ./node_modules/@supabase/auth-js/dist/module/index.js
Module Warning (from ./node_modules/source-map-loader/dist/cjs.js):
Failed to parse source map from '/home/kavia/workspace/code-generation/mixmate-103085-1e2cd028/mixmate/node_modules/@supabase/auth-js/dist/module/index.js.map' file: Error: ENOENT: no such file or directory, open '/home/kavia/workspace/code-generation/mixmate-103085-1e2cd028/mixmate/node_modules/@supabase/auth-js/dist/module/index.js.map'

WARNING in ./node_modules/@supabase/auth-js/dist/module/lib/errors.js
Module Warning (from ./node_modules/source-map-loader/dist/cjs.js):
Failed to parse source map from '/home/kavia/workspace/code-generation/mixmate-103085-1e2cd028/mixmate/node_modules/@supabase/auth-js/src/lib/errors.ts' file: Error: ENOENT: no such file or directory, open '/home/kavia/workspace/code-generation/mixmate-103085-1e2cd028/mixmate/node_modules/@supabase/auth-js/src/lib/errors.ts'

WARNING in ./node_modules/@supabase/auth-js/dist/module/lib/locks.js
Module Warning (from ./node_modules/source-map-loader/dist/cjs.js):
Failed to parse source map from 'locks.js.map': SyntaxError: Unexpected end of JSON input

WARNING in ./node_modules/@supabase/auth-js/dist/module/lib/types.js
Module Warning (from ./node_modules/source-map-loader/dist/cjs.js):
Failed to parse source map from '/home/kavia/workspace/code-generation/mixmate-103085-1e2cd028/mixmate/node_modules/@supabase/auth-js/dist/module/lib/types.js.map' file: Error: ENOENT: no such file or directory, open '/home/kavia/workspace/code-generation/mixmate-103085-1e2cd028/mixmate/node_modules/@supabase/auth-js/dist/module/lib/types.js.map'

WARNING in ./node_modules/@supabase/realtime-js/dist/module/index.js
Module Warning (from ./node_modules/source-map-loader/dist/cjs.js):
Failed to parse source map from '/home/kavia/workspace/code-generation/mixmate-103085-1e2cd028/mixmate/node_modules/@supabase/realtime-js/src/index.ts' file: Error: ENOENT: no such file or directory, open '/home/kavia/workspace/code-generation/mixmate-103085-1e2cd028/mixmate/node_modules/@supabase/realtime-js/src/index.ts'

WARNING in ./node_modules/@supabase/supabase-js/dist/module/SupabaseClient.js
Module Warning (from ./node_modules/source-map-loader/dist/cjs.js):
Failed to parse source map from '/home/kavia/workspace/code-generation/mixmate-103085-1e2cd028/mixmate/node_modules/@supabase/supabase-js/dist/module/SupabaseClient.js.map' file: Error: ENOENT: no such file or directory, open '/home/kavia/workspace/code-generation/mixmate-103085-1e2cd028/mixmate/node_modules/@supabase/supabase-js/dist/module/SupabaseClient.js.map'

WARNING in ./node_modules/@supabase/supabase-js/dist/module/index.js
Module Warning (from ./node_modules/source-map-loader/dist/cjs.js):
Failed to parse source map from '/home/kavia/workspace/code-generation/mixmate-103085-1e2cd028/mixmate/node_modules/@supabase/supabase-js/src/index.ts' file: Error: ENOENT: no such file or directory, open '/home/kavia/workspace/code-generation/mixmate-103085-1e2cd028/mixmate/node_modules/@supabase/supabase-js/src/index.ts'

WARNING in ./node_modules/@supabase/supabase-js/dist/module/lib/SupabaseAuthClient.js
Module Warning (from ./node_modules/source-map-loader/dist/cjs.js):
Failed to parse source map from '/home/kavia/workspace/code-generation/mixmate-103085-1e2cd028/mixmate/node_modules/@supabase/supabase-js/src/lib/SupabaseAuthClient.ts' file: Error: ENOENT: no such file or directory, open '/home/kavia/workspace/code-generation/mixmate-103085-1e2cd028/mixmate/node_modules/@supabase/supabase-js/src/lib/SupabaseAuthClient.ts'

WARNING in [eslint] 
src/App.js
  Line 1:27:  'useEffect' is defined but never used  no-unused-vars

src/pages/Explore.js
  Line 3:10:  'useSession' is defined but never used  no-unused-vars

src/pages/Generator.js
  Line 24:19:  'error' is assigned a value but never used  no-unused-vars

src/supabase/SessionContext.js
  Line 12:21:  'error' is assigned a value but never used  no-unused-vars

ERROR in ./src/components/Sidebar.js 6:0-114
Module not found: Error: Can't resolve 'react-icons/fa' in '/home/kavia/workspace/code-generation/mixmate-103085-1e2cd028/mixmate/src/components'

ERROR in ./src/components/Topbar.js 6:0-54
Module not found: Error: Can't resolve 'react-icons/fa' in '/home/kavia/workspace/code-generation/mixmate-103085-1e2cd028/mixmate/src/components'

ERROR in ./src/pages/AIBartender.js 8:0-55
Module not found: Error: Can't resolve 'react-icons/fa' in '/home/kavia/workspace/code-generation/mixmate-103085-1e2cd028/mixmate/src/pages'

ERROR in ./src/pages/Favorites.js 8:0-40
Module not found: Error: Can't resolve 'react-icons/fa' in '/home/kavia/workspace/code-generation/mixmate-103085-1e2cd028/mixmate/src/pages'

ERROR in ./src/pages/ShoppingList.js 8:0-41
Module not found: Error: Can't resolve 'react-icons/fa' in '/home/kavia/workspace/code-generation/mixmate-103085-1e2cd028/mixmate/src/pages'

ERROR in ./src/pages/Trending.js 7:0-43
Module not found: Error: Can't resolve 'react-icons/fa' in '/home/kavia/workspace/code-generation/mixmate-103085-1e2cd028/mixmate/src/pages'

webpack compiled with 6 errors and 13 warnings
Compiling...
Compiled with warnings.

Failed to parse source map from '/home/kavia/workspace/code-generation/mixmate-103085-1e2cd028/mixmate/node_modules/@supabase/auth-js/src/AuthAdminApi.ts' file: Error: ENOENT: no such file or directory, open '/home/kavia/workspace/code-generation/mixmate-103085-1e2cd028/mixmate/node_modules/@supabase/auth-js/src/AuthAdminApi.ts'

Failed to parse source map from '/home/kavia/workspace/code-generation/mixmate-103085-1e2cd028/mixmate/node_modules/@supabase/auth-js/src/AuthClient.ts' file: Error: ENOENT: no such file or directory, open '/home/kavia/workspace/code-generation/mixmate-103085-1e2cd028/mixmate/node_modules/@supabase/auth-js/src/AuthClient.ts'

Failed to parse source map from '/home/kavia/workspace/code-generation/mixmate-103085-1e2cd028/mixmate/node_modules/@supabase/auth-js/src/GoTrueAdminApi.ts' file: Error: ENOENT: no such file or directory, open '/home/kavia/workspace/code-generation/mixmate-103085-1e2cd028/mixmate/node_modules/@supabase/auth-js/src/GoTrueAdminApi.ts'

Failed to parse source map from '/home/kavia/workspace/code-generation/mixmate-103085-1e2cd028/mixmate/node_modules/@supabase/auth-js/src/GoTrueClient.ts' file: Error: ENOENT: no such file or directory, open '/home/kavia/workspace/code-generation/mixmate-103085-1e2cd028/mixmate/node_modules/@supabase/auth-js/src/GoTrueClient.ts'

Failed to parse source map from '/home/kavia/workspace/code-generation/mixmate-103085-1e2cd028/mixmate/node_modules/@supabase/auth-js/dist/module/index.js.map' file: Error: ENOENT: no such file or directory, open '/home/kavia/workspace/code-generation/mixmate-103085-1e2cd028/mixmate/node_modules/@supabase/auth-js/dist/module/index.js.map'

Failed to parse source map from '/home/kavia/workspace/code-generation/mixmate-103085-1e2cd028/mixmate/node_modules/@supabase/auth-js/src/lib/errors.ts' file: Error: ENOENT: no such file or directory, open '/home/kavia/workspace/code-generation/mixmate-103085-1e2cd028/mixmate/node_modules/@supabase/auth-js/src/lib/errors.ts'

Failed to parse source map from 'locks.js.map': SyntaxError: Unexpected end of JSON input

Failed to parse source map from '/home/kavia/workspace/code-generation/mixmate-103085-1e2cd028/mixmate/node_modules/@supabase/auth-js/dist/module/lib/types.js.map' file: Error: ENOENT: no such file or directory, open '/home/kavia/workspace/code-generation/mixmate-103085-1e2cd028/mixmate/node_modules/@supabase/auth-js/dist/module/lib/types.js.map'

Failed to parse source map from '/home/kavia/workspace/code-generation/mixmate-103085-1e2cd028/mixmate/node_modules/@supabase/realtime-js/src/index.ts' file: Error: ENOENT: no such file or directory, open '/home/kavia/workspace/code-generation/mixmate-103085-1e2cd028/mixmate/node_modules/@supabase/realtime-js/src/index.ts'

Failed to parse source map from '/home/kavia/workspace/code-generation/mixmate-103085-1e2cd028/mixmate/node_modules/@supabase/supabase-js/dist/module/SupabaseClient.js.map' file: Error: ENOENT: no such file or directory, open '/home/kavia/workspace/code-generation/mixmate-103085-1e2cd028/mixmate/node_modules/@supabase/supabase-js/dist/module/SupabaseClient.js.map'

Failed to parse source map from '/home/kavia/workspace/code-generation/mixmate-103085-1e2cd028/mixmate/node_modules/@supabase/supabase-js/src/index.ts' file: Error: ENOENT: no such file or directory, open '/home/kavia/workspace/code-generation/mixmate-103085-1e2cd028/mixmate/node_modules/@supabase/supabase-js/src/index.ts'

Failed to parse source map from '/home/kavia/workspace/code-generation/mixmate-103085-1e2cd028/mixmate/node_modules/@supabase/supabase-js/src/lib/SupabaseAuthClient.ts' file: Error: ENOENT: no such file or directory, open '/home/kavia/workspace/code-generation/mixmate-103085-1e2cd028/mixmate/node_modules/@supabase/supabase-js/src/lib/SupabaseAuthClient.ts'

[eslint] 
src/App.js
  Line 1:27:  'useEffect' is defined but never used  no-unused-vars

src/pages/Explore.js
  Line 3:10:  'useSession' is defined but never used  no-unused-vars

src/pages/Generator.js
  Line 24:19:  'error' is assigned a value but never used  no-unused-vars

src/supabase/SessionContext.js
  Line 12:21:  'error' is assigned a value but never used  no-unused-vars

Search for the keywords to learn more about each warning.
To ignore, add // eslint-disable-next-line to the line before.

WARNING in ./node_modules/@supabase/auth-js/dist/module/AuthAdminApi.js
Module Warning (from ./node_modules/source-map-loader/dist/cjs.js):
Failed to parse source map from '/home/kavia/workspace/code-generation/mixmate-103085-1e2cd028/mixmate/node_modules/@supabase/auth-js/src/AuthAdminApi.ts' file: Error: ENOENT: no such file or directory, open '/home/kavia/workspace/code-generation/mixmate-103085-1e2cd028/mixmate/node_modules/@supabase/auth-js/src/AuthAdminApi.ts'

WARNING in ./node_modules/@supabase/auth-js/dist/module/AuthClient.js
Module Warning (from ./node_modules/source-map-loader/dist/cjs.js):
Failed to parse source map from '/home/kavia/workspace/code-generation/mixmate-103085-1e2cd028/mixmate/node_modules/@supabase/auth-js/src/AuthClient.ts' file: Error: ENOENT: no such file or directory, open '/home/kavia/workspace/code-generation/mixmate-103085-1e2cd028/mixmate/node_modules/@supabase/auth-js/src/AuthClient.ts'

WARNING in ./node_modules/@supabase/auth-js/dist/module/GoTrueAdminApi.js
Module Warning (from ./node_modules/source-map-loader/dist/cjs.js):
Failed to parse source map from '/home/kavia/workspace/code-generation/mixmate-103085-1e2cd028/mixmate/node_modules/@supabase/auth-js/src/GoTrueAdminApi.ts' file: Error: ENOENT: no such file or directory, open '/home/kavia/workspace/code-generation/mixmate-103085-1e2cd028/mixmate/node_modules/@supabase/auth-js/src/GoTrueAdminApi.ts'

WARNING in ./node_modules/@supabase/auth-js/dist/module/GoTrueClient.js
Module Warning (from ./node_modules/source-map-loader/dist/cjs.js):
Failed to parse source map from '/home/kavia/workspace/code-generation/mixmate-103085-1e2cd028/mixmate/node_modules/@supabase/auth-js/src/GoTrueClient.ts' file: Error: ENOENT: no such file or directory, open '/home/kavia/workspace/code-generation/mixmate-103085-1e2cd028/mixmate/node_modules/@supabase/auth-js/src/GoTrueClient.ts'

WARNING in ./node_modules/@supabase/auth-js/dist/module/index.js
Module Warning (from ./node_modules/source-map-loader/dist/cjs.js):
Failed to parse source map from '/home/kavia/workspace/code-generation/mixmate-103085-1e2cd028/mixmate/node_modules/@supabase/auth-js/dist/module/index.js.map' file: Error: ENOENT: no such file or directory, open '/home/kavia/workspace/code-generation/mixmate-103085-1e2cd028/mixmate/node_modules/@supabase/auth-js/dist/module/index.js.map'

WARNING in ./node_modules/@supabase/auth-js/dist/module/lib/errors.js
Module Warning (from ./node_modules/source-map-loader/dist/cjs.js):
Failed to parse source map from '/home/kavia/workspace/code-generation/mixmate-103085-1e2cd028/mixmate/node_modules/@supabase/auth-js/src/lib/errors.ts' file: Error: ENOENT: no such file or directory, open '/home/kavia/workspace/code-generation/mixmate-103085-1e2cd028/mixmate/node_modules/@supabase/auth-js/src/lib/errors.ts'

WARNING in ./node_modules/@supabase/auth-js/dist/module/lib/locks.js
Module Warning (from ./node_modules/source-map-loader/dist/cjs.js):
Failed to parse source map from 'locks.js.map': SyntaxError: Unexpected end of JSON input

WARNING in ./node_modules/@supabase/auth-js/dist/module/lib/types.js
Module Warning (from ./node_modules/source-map-loader/dist/cjs.js):
Failed to parse source map from '/home/kavia/workspace/code-generation/mixmate-103085-1e2cd028/mixmate/node_modules/@supabase/auth-js/dist/module/lib/types.js.map' file: Error: ENOENT: no such file or directory, open '/home/kavia/workspace/code-generation/mixmate-103085-1e2cd028/mixmate/node_modules/@supabase/auth-js/dist/module/lib/types.js.map'

WARNING in ./node_modules/@supabase/realtime-js/dist/module/index.js
Module Warning (from ./node_modules/source-map-loader/dist/cjs.js):
Failed to parse source map from '/home/kavia/workspace/code-generation/mixmate-103085-1e2cd028/mixmate/node_modules/@supabase/realtime-js/src/index.ts' file: Error: ENOENT: no such file or directory, open '/home/kavia/workspace/code-generation/mixmate-103085-1e2cd028/mixmate/node_modules/@supabase/realtime-js/src/index.ts'

WARNING in ./node_modules/@supabase/supabase-js/dist/module/SupabaseClient.js
Module Warning (from ./node_modules/source-map-loader/dist/cjs.js):
Failed to parse source map from '/home/kavia/workspace/code-generation/mixmate-103085-1e2cd028/mixmate/node_modules/@supabase/supabase-js/dist/module/SupabaseClient.js.map' file: Error: ENOENT: no such file or directory, open '/home/kavia/workspace/code-generation/mixmate-103085-1e2cd028/mixmate/node_modules/@supabase/supabase-js/dist/module/SupabaseClient.js.map'

WARNING in ./node_modules/@supabase/supabase-js/dist/module/index.js
Module Warning (from ./node_modules/source-map-loader/dist/cjs.js):
Failed to parse source map from '/home/kavia/workspace/code-generation/mixmate-103085-1e2cd028/mixmate/node_modules/@supabase/supabase-js/src/index.ts' file: Error: ENOENT: no such file or directory, open '/home/kavia/workspace/code-generation/mixmate-103085-1e2cd028/mixmate/node_modules/@supabase/supabase-js/src/index.ts'

WARNING in ./node_modules/@supabase/supabase-js/dist/module/lib/SupabaseAuthClient.js
Module Warning (from ./node_modules/source-map-loader/dist/cjs.js):
Failed to parse source map from '/home/kavia/workspace/code-generation/mixmate-103085-1e2cd028/mixmate/node_modules/@supabase/supabase-js/src/lib/SupabaseAuthClient.ts' file: Error: ENOENT: no such file or directory, open '/home/kavia/workspace/code-generation/mixmate-103085-1e2cd028/mixmate/node_modules/@supabase/supabase-js/src/lib/SupabaseAuthClient.ts'

WARNING in [eslint] 
src/App.js
  Line 1:27:  'useEffect' is defined but never used  no-unused-vars

src/pages/Explore.js
  Line 3:10:  'useSession' is defined but never used  no-unused-vars

src/pages/Generator.js
  Line 24:19:  'error' is assigned a value but never used  no-unused-vars

src/supabase/SessionContext.js
  Line 12:21:  'error' is assigned a value but never used  no-unused-vars

webpack compiled with 13 warnings
